
Discarded input sections

 .text          0x00000000        0x0 build/os/tpl_os_kernel.c.o
 .data          0x00000000        0x0 build/os/tpl_os_kernel.c.o
 .bss           0x00000000        0x0 build/os/tpl_os_kernel.c.o
 .text          0x00000000        0x0 build/os/tpl_os_timeobj_kernel.c.o
 .data          0x00000000        0x0 build/os/tpl_os_timeobj_kernel.c.o
 .bss           0x00000000        0x0 build/os/tpl_os_timeobj_kernel.c.o
 .text          0x00000000        0x0 build/os/tpl_os_action.c.o
 .data          0x00000000        0x0 build/os/tpl_os_action.c.o
 .bss           0x00000000        0x0 build/os/tpl_os_action.c.o
 .osCode        0x00000000       0x42 build/os/tpl_os_action.c.o
 .debug_info    0x00000000      0x1fa build/os/tpl_os_action.c.o
 .debug_abbrev  0x00000000       0xf2 build/os/tpl_os_action.c.o
 .debug_aranges
                0x00000000       0x28 build/os/tpl_os_action.c.o
 .debug_rnglists
                0x00000000       0x19 build/os/tpl_os_action.c.o
 .debug_line    0x00000000      0x11b build/os/tpl_os_action.c.o
 .debug_str     0x00000000      0x341 build/os/tpl_os_action.c.o
 .comment       0x00000000       0x45 build/os/tpl_os_action.c.o
 .debug_frame   0x00000000       0x58 build/os/tpl_os_action.c.o
 .ARM.attributes
                0x00000000       0x2e build/os/tpl_os_action.c.o
 .text          0x00000000        0x0 build/os/tpl_os_error.c.o
 .data          0x00000000        0x0 build/os/tpl_os_error.c.o
 .bss           0x00000000        0x0 build/os/tpl_os_error.c.o
 .debug_info    0x00000000       0x65 build/os/tpl_os_error.c.o
 .debug_abbrev  0x00000000       0x26 build/os/tpl_os_error.c.o
 .debug_aranges
                0x00000000       0x18 build/os/tpl_os_error.c.o
 .debug_line    0x00000000       0x3b build/os/tpl_os_error.c.o
 .debug_str     0x00000000      0x1d4 build/os/tpl_os_error.c.o
 .comment       0x00000000       0x45 build/os/tpl_os_error.c.o
 .ARM.attributes
                0x00000000       0x2e build/os/tpl_os_error.c.o
 .text          0x00000000        0x0 build/os/tpl_os_os_kernel.c.o
 .data          0x00000000        0x0 build/os/tpl_os_os_kernel.c.o
 .bss           0x00000000        0x0 build/os/tpl_os_os_kernel.c.o
 .text          0x00000000        0x0 build/os/tpl_os_os.c.o
 .data          0x00000000        0x0 build/os/tpl_os_os.c.o
 .bss           0x00000000        0x0 build/os/tpl_os_os.c.o
 .text          0x00000000        0x0 build/os/tpl_os_interrupt_kernel.c.o
 .data          0x00000000        0x0 build/os/tpl_os_interrupt_kernel.c.o
 .bss           0x00000000        0x0 build/os/tpl_os_interrupt_kernel.c.o
 .text          0x00000000        0x0 build/os/tpl_os_task_kernel.c.o
 .data          0x00000000        0x0 build/os/tpl_os_task_kernel.c.o
 .bss           0x00000000        0x0 build/os/tpl_os_task_kernel.c.o
 .text          0x00000000        0x0 build/os/tpl_os_resource_kernel.c.o
 .data          0x00000000        0x0 build/os/tpl_os_resource_kernel.c.o
 .bss           0x00000000        0x0 build/os/tpl_os_resource_kernel.c.o
 .osConst       0x00000000        0x2 build/os/tpl_os_resource_kernel.c.o
 .text          0x00000000        0x0 build/LearnInDepth_SW.c.o
 .data          0x00000000        0x0 build/LearnInDepth_SW.c.o
 .bss           0x00000000        0x0 build/LearnInDepth_SW.c.o
 .text          0x00000000        0x0 build/LearnInDepth_SW/tpl_app_config.c.o
 .data          0x00000000        0x0 build/LearnInDepth_SW/tpl_app_config.c.o
 .bss           0x00000000        0x0 build/LearnInDepth_SW/tpl_app_config.c.o
 .rodata.AppStd
                0x00000000        0x1 build/LearnInDepth_SW/tpl_app_config.c.o
 .text          0x00000000        0x0 build/LearnInDepth_SW/tpl_dispatch_table.c.o
 .data          0x00000000        0x0 build/LearnInDepth_SW/tpl_dispatch_table.c.o
 .bss           0x00000000        0x0 build/LearnInDepth_SW/tpl_dispatch_table.c.o
 .text          0x00000000        0x0 build/LearnInDepth_SW/tpl_invoque.S.o
 .data          0x00000000        0x0 build/LearnInDepth_SW/tpl_invoque.S.o
 .bss           0x00000000        0x0 build/LearnInDepth_SW/tpl_invoque.S.o
 .text          0x00000000        0x0 build/LearnInDepth_SW/tpl_primary_irq.S.o
 .data          0x00000000        0x0 build/LearnInDepth_SW/tpl_primary_irq.S.o
 .bss           0x00000000        0x0 build/LearnInDepth_SW/tpl_primary_irq.S.o
 .osVar         0x00000000        0x0 build/LearnInDepth_SW/tpl_primary_irq.S.o
 .text          0x00000000        0x0 build/LearnInDepth_SW/tpl_vectors.c.o
 .data          0x00000000        0x0 build/LearnInDepth_SW/tpl_vectors.c.o
 .bss           0x00000000        0x0 build/LearnInDepth_SW/tpl_vectors.c.o
 .text          0x00000000        0x0 build/LearnInDepth_SW/tpl_external_interrupts.c.o
 .data          0x00000000        0x0 build/LearnInDepth_SW/tpl_external_interrupts.c.o
 .bss           0x00000000        0x0 build/LearnInDepth_SW/tpl_external_interrupts.c.o
 .text          0x00000000        0x0 build/LearnInDepth_SW/tpl_app_interrupts.c.o
 .data          0x00000000        0x0 build/LearnInDepth_SW/tpl_app_interrupts.c.o
 .bss           0x00000000        0x0 build/LearnInDepth_SW/tpl_app_interrupts.c.o
 .text          0x00000000        0x0 build/machines/cortex-m/tpl_machine_cortex.c.o
 .data          0x00000000        0x0 build/machines/cortex-m/tpl_machine_cortex.c.o
 .bss           0x00000000        0x0 build/machines/cortex-m/tpl_machine_cortex.c.o
 .bss.tpl_isr2_disabled
                0x00000000        0x1 build/machines/cortex-m/tpl_machine_cortex.c.o
 .text          0x00000000        0x0 build/machines/cortex-m/tpl_sc_handler.S.o
 .data          0x00000000        0x0 build/machines/cortex-m/tpl_sc_handler.S.o
 .bss           0x00000000        0x0 build/machines/cortex-m/tpl_sc_handler.S.o
 .osVar         0x00000000        0x0 build/machines/cortex-m/tpl_sc_handler.S.o
 .osConst       0x00000000        0x0 build/machines/cortex-m/tpl_sc_handler.S.o
 .text          0x00000000        0x0 build/machines/cortex-m/tpl_startup.S.o
 .data          0x00000000        0x0 build/machines/cortex-m/tpl_startup.S.o
 .bss           0x00000000        0x0 build/machines/cortex-m/tpl_startup.S.o
 .text          0x00000000        0x0 build/machines/cortex-m/armv7em/tpl_ctx_switch.S.o
 .data          0x00000000        0x0 build/machines/cortex-m/armv7em/tpl_ctx_switch.S.o
 .bss           0x00000000        0x0 build/machines/cortex-m/armv7em/tpl_ctx_switch.S.o
 .text          0x00000000        0x0 build/machines/cortex-m/armv7em/tpl_ctx_switch_under_it.S.o
 .data          0x00000000        0x0 build/machines/cortex-m/armv7em/tpl_ctx_switch_under_it.S.o
 .bss           0x00000000        0x0 build/machines/cortex-m/armv7em/tpl_ctx_switch_under_it.S.o
 .text          0x00000000        0x0 build/machines/cortex-m/armv7em/tpl_interrupts.S.o
 .data          0x00000000        0x0 build/machines/cortex-m/armv7em/tpl_interrupts.S.o
 .bss           0x00000000        0x0 build/machines/cortex-m/armv7em/tpl_interrupts.S.o
 .text          0x00000000        0x0 build/machines/cortex-m/armv7em/stm32f407/tpl_memory_protection.c.o
 .data          0x00000000        0x0 build/machines/cortex-m/armv7em/stm32f407/tpl_memory_protection.c.o
 .bss           0x00000000        0x0 build/machines/cortex-m/armv7em/stm32f407/tpl_memory_protection.c.o
 .debug_info    0x00000000       0x65 build/machines/cortex-m/armv7em/stm32f407/tpl_memory_protection.c.o
 .debug_abbrev  0x00000000       0x26 build/machines/cortex-m/armv7em/stm32f407/tpl_memory_protection.c.o
 .debug_aranges
                0x00000000       0x18 build/machines/cortex-m/armv7em/stm32f407/tpl_memory_protection.c.o
 .debug_line    0x00000000       0x65 build/machines/cortex-m/armv7em/stm32f407/tpl_memory_protection.c.o
 .debug_str     0x00000000      0x1fe build/machines/cortex-m/armv7em/stm32f407/tpl_memory_protection.c.o
 .comment       0x00000000       0x45 build/machines/cortex-m/armv7em/stm32f407/tpl_memory_protection.c.o
 .ARM.attributes
                0x00000000       0x2e build/machines/cortex-m/armv7em/stm32f407/tpl_memory_protection.c.o
 .text          0x00000000        0x0 build/machines/cortex-m/armv7em/stm32f407/tpl_machine_stm32f407.c.o
 .data          0x00000000        0x0 build/machines/cortex-m/armv7em/stm32f407/tpl_machine_stm32f407.c.o
 .bss           0x00000000        0x0 build/machines/cortex-m/armv7em/stm32f407/tpl_machine_stm32f407.c.o
 .text          0x00000000        0x0 build/machines/cortex-m/armv7em/stm32f407/startup_stm32f4xx.c.o
 .data          0x00000000        0x0 build/machines/cortex-m/armv7em/stm32f407/startup_stm32f4xx.c.o
 .bss           0x00000000        0x0 build/machines/cortex-m/armv7em/stm32f407/startup_stm32f4xx.c.o
 .text          0x00000000        0x0 build/machines/cortex-m/armv7em/stm32f407/system_stm32f4xx.c.o
 .data          0x00000000        0x0 build/machines/cortex-m/armv7em/stm32f407/system_stm32f4xx.c.o
 .bss           0x00000000        0x0 build/machines/cortex-m/armv7em/stm32f407/system_stm32f4xx.c.o
 .rodata.AHBPrescTable
                0x00000000       0x10 build/machines/cortex-m/armv7em/stm32f407/system_stm32f4xx.c.o
 .text.SystemCoreClockUpdate
                0x00000000      0x100 build/machines/cortex-m/armv7em/stm32f407/system_stm32f4xx.c.o
 .text          0x00000000        0x0 build/machines/cortex-m/armv7em/stm32f407/handlers_stm32f4xx.c.o
 .data          0x00000000        0x0 build/machines/cortex-m/armv7em/stm32f407/handlers_stm32f4xx.c.o
 .bss           0x00000000        0x0 build/machines/cortex-m/armv7em/stm32f407/handlers_stm32f4xx.c.o
 .text.PendSV_Handler
                0x00000000        0x6 build/machines/cortex-m/armv7em/stm32f407/handlers_stm32f4xx.c.o
 .text.SysTick_ClearFlag
                0x00000000        0xc build/machines/cortex-m/armv7em/stm32f407/handlers_stm32f4xx.c.o
 .text.TIM2_IRQ_ClearFlag
                0x00000000       0x22 build/machines/cortex-m/armv7em/stm32f407/handlers_stm32f4xx.c.o
 .text          0x00000000        0x0 build/machines/cortex-m/armv7em/stm32f407/lib/pinAccess.c.o
 .data          0x00000000        0x0 build/machines/cortex-m/armv7em/stm32f407/lib/pinAccess.c.o
 .bss           0x00000000        0x0 build/machines/cortex-m/armv7em/stm32f407/lib/pinAccess.c.o
 .text.clockForGpio
                0x00000000      0x134 build/machines/cortex-m/armv7em/stm32f407/lib/pinAccess.c.o
 .text.pinMode  0x00000000      0x1b8 build/machines/cortex-m/armv7em/stm32f407/lib/pinAccess.c.o
 .text.digitalWrite
                0x00000000       0xcc build/machines/cortex-m/armv7em/stm32f407/lib/pinAccess.c.o
 .text.digitalToggle
                0x00000000       0xd8 build/machines/cortex-m/armv7em/stm32f407/lib/pinAccess.c.o
 .text.digitalRead
                0x00000000       0xc0 build/machines/cortex-m/armv7em/stm32f407/lib/pinAccess.c.o
 .text.pinAlt   0x00000000      0x148 build/machines/cortex-m/armv7em/stm32f407/lib/pinAccess.c.o
 .text.pinAnalog
                0x00000000       0xdc build/machines/cortex-m/armv7em/stm32f407/lib/pinAccess.c.o
 .debug_info    0x00000000      0x50b build/machines/cortex-m/armv7em/stm32f407/lib/pinAccess.c.o
 .debug_abbrev  0x00000000      0x166 build/machines/cortex-m/armv7em/stm32f407/lib/pinAccess.c.o
 .debug_aranges
                0x00000000       0x50 build/machines/cortex-m/armv7em/stm32f407/lib/pinAccess.c.o
 .debug_rnglists
                0x00000000       0x3e build/machines/cortex-m/armv7em/stm32f407/lib/pinAccess.c.o
 .debug_line    0x00000000      0x64c build/machines/cortex-m/armv7em/stm32f407/lib/pinAccess.c.o
 .debug_str     0x00000000      0x428 build/machines/cortex-m/armv7em/stm32f407/lib/pinAccess.c.o
 .comment       0x00000000       0x45 build/machines/cortex-m/armv7em/stm32f407/lib/pinAccess.c.o
 .debug_frame   0x00000000      0x11c build/machines/cortex-m/armv7em/stm32f407/lib/pinAccess.c.o
 .ARM.attributes
                0x00000000       0x2e build/machines/cortex-m/armv7em/stm32f407/lib/pinAccess.c.o
 .text          0x00000000        0x0 build/machines/cortex-m/armv7em/stm32f407/STM32F4xx_StdPeriph_Driver/stm32f4xx_gpio.c.o
 .data          0x00000000        0x0 build/machines/cortex-m/armv7em/stm32f407/STM32F4xx_StdPeriph_Driver/stm32f4xx_gpio.c.o
 .bss           0x00000000        0x0 build/machines/cortex-m/armv7em/stm32f407/STM32F4xx_StdPeriph_Driver/stm32f4xx_gpio.c.o
 .text.GPIO_DeInit
                0x00000000      0x1c8 build/machines/cortex-m/armv7em/stm32f407/STM32F4xx_StdPeriph_Driver/stm32f4xx_gpio.c.o
 .text.GPIO_StructInit
                0x00000000       0x32 build/machines/cortex-m/armv7em/stm32f407/STM32F4xx_StdPeriph_Driver/stm32f4xx_gpio.c.o
 .text.GPIO_PinLockConfig
                0x00000000       0xe4 build/machines/cortex-m/armv7em/stm32f407/STM32F4xx_StdPeriph_Driver/stm32f4xx_gpio.c.o
 .text.GPIO_ReadInputData
                0x00000000       0xa8 build/machines/cortex-m/armv7em/stm32f407/STM32F4xx_StdPeriph_Driver/stm32f4xx_gpio.c.o
 .text.GPIO_ReadOutputDataBit
                0x00000000      0x13c build/machines/cortex-m/armv7em/stm32f407/STM32F4xx_StdPeriph_Driver/stm32f4xx_gpio.c.o
 .text.GPIO_ReadOutputData
                0x00000000       0xa8 build/machines/cortex-m/armv7em/stm32f407/STM32F4xx_StdPeriph_Driver/stm32f4xx_gpio.c.o
 .text.GPIO_SetBits
                0x00000000       0xbc build/machines/cortex-m/armv7em/stm32f407/STM32F4xx_StdPeriph_Driver/stm32f4xx_gpio.c.o
 .text.GPIO_ResetBits
                0x00000000       0xbc build/machines/cortex-m/armv7em/stm32f407/STM32F4xx_StdPeriph_Driver/stm32f4xx_gpio.c.o
 .text.GPIO_WriteBit
                0x00000000      0x150 build/machines/cortex-m/armv7em/stm32f407/STM32F4xx_StdPeriph_Driver/stm32f4xx_gpio.c.o
 .text.GPIO_Write
                0x00000000       0xac build/machines/cortex-m/armv7em/stm32f407/STM32F4xx_StdPeriph_Driver/stm32f4xx_gpio.c.o
 .text.GPIO_ToggleBits
                0x00000000       0xb4 build/machines/cortex-m/armv7em/stm32f407/STM32F4xx_StdPeriph_Driver/stm32f4xx_gpio.c.o
 .text.GPIO_PinAFConfig
                0x00000000      0x26c build/machines/cortex-m/armv7em/stm32f407/STM32F4xx_StdPeriph_Driver/stm32f4xx_gpio.c.o
 .text          0x00000000        0x0 build/machines/cortex-m/armv7em/stm32f407/STM32F4xx_StdPeriph_Driver/stm32f4xx_rcc.c.o
 .data          0x00000000        0x0 build/machines/cortex-m/armv7em/stm32f407/STM32F4xx_StdPeriph_Driver/stm32f4xx_rcc.c.o
 .bss           0x00000000        0x0 build/machines/cortex-m/armv7em/stm32f407/STM32F4xx_StdPeriph_Driver/stm32f4xx_rcc.c.o
 .rodata.APBAHBPrescTable
                0x00000000       0x10 build/machines/cortex-m/armv7em/stm32f407/STM32F4xx_StdPeriph_Driver/stm32f4xx_rcc.c.o
 .text.RCC_DeInit
                0x00000000       0x70 build/machines/cortex-m/armv7em/stm32f407/STM32F4xx_StdPeriph_Driver/stm32f4xx_rcc.c.o
 .text.RCC_HSEConfig
                0x00000000       0x44 build/machines/cortex-m/armv7em/stm32f407/STM32F4xx_StdPeriph_Driver/stm32f4xx_rcc.c.o
 .text.RCC_WaitForHSEStartUp
                0x00000000       0x50 build/machines/cortex-m/armv7em/stm32f407/STM32F4xx_StdPeriph_Driver/stm32f4xx_rcc.c.o
 .text.RCC_AdjustHSICalibrationValue
                0x00000000       0x4c build/machines/cortex-m/armv7em/stm32f407/STM32F4xx_StdPeriph_Driver/stm32f4xx_rcc.c.o
 .text.RCC_HSICmd
                0x00000000       0x38 build/machines/cortex-m/armv7em/stm32f407/STM32F4xx_StdPeriph_Driver/stm32f4xx_rcc.c.o
 .text.RCC_LSEConfig
                0x00000000       0x60 build/machines/cortex-m/armv7em/stm32f407/STM32F4xx_StdPeriph_Driver/stm32f4xx_rcc.c.o
 .text.RCC_LSICmd
                0x00000000       0x38 build/machines/cortex-m/armv7em/stm32f407/STM32F4xx_StdPeriph_Driver/stm32f4xx_rcc.c.o
 .text.RCC_PLLConfig
                0x00000000       0xb8 build/machines/cortex-m/armv7em/stm32f407/STM32F4xx_StdPeriph_Driver/stm32f4xx_rcc.c.o
 .text.RCC_PLLCmd
                0x00000000       0x38 build/machines/cortex-m/armv7em/stm32f407/STM32F4xx_StdPeriph_Driver/stm32f4xx_rcc.c.o
 .text.RCC_PLLI2SConfig
                0x00000000       0x58 build/machines/cortex-m/armv7em/stm32f407/STM32F4xx_StdPeriph_Driver/stm32f4xx_rcc.c.o
 .text.RCC_PLLI2SCmd
                0x00000000       0x38 build/machines/cortex-m/armv7em/stm32f407/STM32F4xx_StdPeriph_Driver/stm32f4xx_rcc.c.o
 .text.RCC_PLLSAIConfig
                0x00000000       0x78 build/machines/cortex-m/armv7em/stm32f407/STM32F4xx_StdPeriph_Driver/stm32f4xx_rcc.c.o
 .text.RCC_PLLSAICmd
                0x00000000       0x38 build/machines/cortex-m/armv7em/stm32f407/STM32F4xx_StdPeriph_Driver/stm32f4xx_rcc.c.o
 .text.RCC_ClockSecuritySystemCmd
                0x00000000       0x38 build/machines/cortex-m/armv7em/stm32f407/STM32F4xx_StdPeriph_Driver/stm32f4xx_rcc.c.o
 .text.RCC_MCO1Config
                0x00000000       0x98 build/machines/cortex-m/armv7em/stm32f407/STM32F4xx_StdPeriph_Driver/stm32f4xx_rcc.c.o
 .text.RCC_MCO2Config
                0x00000000       0x98 build/machines/cortex-m/armv7em/stm32f407/STM32F4xx_StdPeriph_Driver/stm32f4xx_rcc.c.o
 .text.RCC_SYSCLKConfig
                0x00000000       0x54 build/machines/cortex-m/armv7em/stm32f407/STM32F4xx_StdPeriph_Driver/stm32f4xx_rcc.c.o
 .text.RCC_GetSYSCLKSource
                0x00000000       0x1c build/machines/cortex-m/armv7em/stm32f407/STM32F4xx_StdPeriph_Driver/stm32f4xx_rcc.c.o
 .text.RCC_HCLKConfig
                0x00000000       0x78 build/machines/cortex-m/armv7em/stm32f407/STM32F4xx_StdPeriph_Driver/stm32f4xx_rcc.c.o
 .text.RCC_PCLK1Config
                0x00000000       0x68 build/machines/cortex-m/armv7em/stm32f407/STM32F4xx_StdPeriph_Driver/stm32f4xx_rcc.c.o
 .text.RCC_PCLK2Config
                0x00000000       0x6c build/machines/cortex-m/armv7em/stm32f407/STM32F4xx_StdPeriph_Driver/stm32f4xx_rcc.c.o
 .text.RCC_GetClocksFreq
                0x00000000      0x15c build/machines/cortex-m/armv7em/stm32f407/STM32F4xx_StdPeriph_Driver/stm32f4xx_rcc.c.o
 .text.RCC_RTCCLKConfig
                0x00000000      0x1e0 build/machines/cortex-m/armv7em/stm32f407/STM32F4xx_StdPeriph_Driver/stm32f4xx_rcc.c.o
 .text.RCC_RTCCLKCmd
                0x00000000       0x38 build/machines/cortex-m/armv7em/stm32f407/STM32F4xx_StdPeriph_Driver/stm32f4xx_rcc.c.o
 .text.RCC_BackupResetCmd
                0x00000000       0x38 build/machines/cortex-m/armv7em/stm32f407/STM32F4xx_StdPeriph_Driver/stm32f4xx_rcc.c.o
 .text.RCC_I2SCLKConfig
                0x00000000       0x34 build/machines/cortex-m/armv7em/stm32f407/STM32F4xx_StdPeriph_Driver/stm32f4xx_rcc.c.o
 .text.RCC_SAIBlockACLKConfig
                0x00000000       0x5c build/machines/cortex-m/armv7em/stm32f407/STM32F4xx_StdPeriph_Driver/stm32f4xx_rcc.c.o
 .text.RCC_SAIBlockBCLKConfig
                0x00000000       0x5c build/machines/cortex-m/armv7em/stm32f407/STM32F4xx_StdPeriph_Driver/stm32f4xx_rcc.c.o
 .text.RCC_SAIPLLI2SClkDivConfig
                0x00000000       0x54 build/machines/cortex-m/armv7em/stm32f407/STM32F4xx_StdPeriph_Driver/stm32f4xx_rcc.c.o
 .text.RCC_SAIPLLSAIClkDivConfig
                0x00000000       0x58 build/machines/cortex-m/armv7em/stm32f407/STM32F4xx_StdPeriph_Driver/stm32f4xx_rcc.c.o
 .text.RCC_LTDCCLKDivConfig
                0x00000000       0x64 build/machines/cortex-m/armv7em/stm32f407/STM32F4xx_StdPeriph_Driver/stm32f4xx_rcc.c.o
 .text.RCC_TIMCLKPresConfig
                0x00000000       0x34 build/machines/cortex-m/armv7em/stm32f407/STM32F4xx_StdPeriph_Driver/stm32f4xx_rcc.c.o
 .text.RCC_AHB2PeriphClockCmd
                0x00000000       0x70 build/machines/cortex-m/armv7em/stm32f407/STM32F4xx_StdPeriph_Driver/stm32f4xx_rcc.c.o
 .text.RCC_AHB3PeriphClockCmd
                0x00000000       0x6c build/machines/cortex-m/armv7em/stm32f407/STM32F4xx_StdPeriph_Driver/stm32f4xx_rcc.c.o
 .text.RCC_APB1PeriphClockCmd
                0x00000000       0x70 build/machines/cortex-m/armv7em/stm32f407/STM32F4xx_StdPeriph_Driver/stm32f4xx_rcc.c.o
 .text.RCC_AHB1PeriphResetCmd
                0x00000000       0x74 build/machines/cortex-m/armv7em/stm32f407/STM32F4xx_StdPeriph_Driver/stm32f4xx_rcc.c.o
 .text.RCC_AHB2PeriphResetCmd
                0x00000000       0x70 build/machines/cortex-m/armv7em/stm32f407/STM32F4xx_StdPeriph_Driver/stm32f4xx_rcc.c.o
 .text.RCC_AHB3PeriphResetCmd
                0x00000000       0x6c build/machines/cortex-m/armv7em/stm32f407/STM32F4xx_StdPeriph_Driver/stm32f4xx_rcc.c.o
 .text.RCC_APB1PeriphResetCmd
                0x00000000       0x70 build/machines/cortex-m/armv7em/stm32f407/STM32F4xx_StdPeriph_Driver/stm32f4xx_rcc.c.o
 .text.RCC_APB2PeriphResetCmd
                0x00000000       0x74 build/machines/cortex-m/armv7em/stm32f407/STM32F4xx_StdPeriph_Driver/stm32f4xx_rcc.c.o
 .text.RCC_AHB1PeriphClockLPModeCmd
                0x00000000       0x74 build/machines/cortex-m/armv7em/stm32f407/STM32F4xx_StdPeriph_Driver/stm32f4xx_rcc.c.o
 .text.RCC_AHB2PeriphClockLPModeCmd
                0x00000000       0x70 build/machines/cortex-m/armv7em/stm32f407/STM32F4xx_StdPeriph_Driver/stm32f4xx_rcc.c.o
 .text.RCC_AHB3PeriphClockLPModeCmd
                0x00000000       0x6c build/machines/cortex-m/armv7em/stm32f407/STM32F4xx_StdPeriph_Driver/stm32f4xx_rcc.c.o
 .text.RCC_APB1PeriphClockLPModeCmd
                0x00000000       0x70 build/machines/cortex-m/armv7em/stm32f407/STM32F4xx_StdPeriph_Driver/stm32f4xx_rcc.c.o
 .text.RCC_APB2PeriphClockLPModeCmd
                0x00000000       0x74 build/machines/cortex-m/armv7em/stm32f407/STM32F4xx_StdPeriph_Driver/stm32f4xx_rcc.c.o
 .text.RCC_LSEModeConfig
                0x00000000       0x50 build/machines/cortex-m/armv7em/stm32f407/STM32F4xx_StdPeriph_Driver/stm32f4xx_rcc.c.o
 .text.RCC_ITConfig
                0x00000000       0x7c build/machines/cortex-m/armv7em/stm32f407/STM32F4xx_StdPeriph_Driver/stm32f4xx_rcc.c.o
 .text.RCC_GetFlagStatus
                0x00000000       0xd4 build/machines/cortex-m/armv7em/stm32f407/STM32F4xx_StdPeriph_Driver/stm32f4xx_rcc.c.o
 .text.RCC_ClearFlag
                0x00000000       0x1c build/machines/cortex-m/armv7em/stm32f407/STM32F4xx_StdPeriph_Driver/stm32f4xx_rcc.c.o
 .text.RCC_GetITStatus
                0x00000000       0x70 build/machines/cortex-m/armv7em/stm32f407/STM32F4xx_StdPeriph_Driver/stm32f4xx_rcc.c.o
 .text.RCC_ClearITPendingBit
                0x00000000       0x30 build/machines/cortex-m/armv7em/stm32f407/STM32F4xx_StdPeriph_Driver/stm32f4xx_rcc.c.o
 .text          0x00000000        0x0 build/machines/cortex-m/armv7em/stm32f407/STM32F4xx_StdPeriph_Driver/stm32f4xx_exti.c.o
 .data          0x00000000        0x0 build/machines/cortex-m/armv7em/stm32f407/STM32F4xx_StdPeriph_Driver/stm32f4xx_exti.c.o
 .bss           0x00000000        0x0 build/machines/cortex-m/armv7em/stm32f407/STM32F4xx_StdPeriph_Driver/stm32f4xx_exti.c.o
 .text.EXTI_DeInit
                0x00000000       0x34 build/machines/cortex-m/armv7em/stm32f407/STM32F4xx_StdPeriph_Driver/stm32f4xx_exti.c.o
 .text.EXTI_StructInit
                0x00000000       0x2a build/machines/cortex-m/armv7em/stm32f407/STM32F4xx_StdPeriph_Driver/stm32f4xx_exti.c.o
 .text.EXTI_GenerateSWInterrupt
                0x00000000       0x3c build/machines/cortex-m/armv7em/stm32f407/STM32F4xx_StdPeriph_Driver/stm32f4xx_exti.c.o
 .text.EXTI_GetFlagStatus
                0x00000000       0xec build/machines/cortex-m/armv7em/stm32f407/STM32F4xx_StdPeriph_Driver/stm32f4xx_exti.c.o
 .text.EXTI_ClearFlag
                0x00000000       0x34 build/machines/cortex-m/armv7em/stm32f407/STM32F4xx_StdPeriph_Driver/stm32f4xx_exti.c.o
 .text.EXTI_GetITStatus
                0x00000000       0xf0 build/machines/cortex-m/armv7em/stm32f407/STM32F4xx_StdPeriph_Driver/stm32f4xx_exti.c.o
 .text.EXTI_ClearITPendingBit
                0x00000000       0x38 build/machines/cortex-m/armv7em/stm32f407/STM32F4xx_StdPeriph_Driver/stm32f4xx_exti.c.o
 .text          0x00000000        0x0 build/machines/cortex-m/armv7em/stm32f407/STM32F4xx_StdPeriph_Driver/stm32f4xx_syscfg.c.o
 .data          0x00000000        0x0 build/machines/cortex-m/armv7em/stm32f407/STM32F4xx_StdPeriph_Driver/stm32f4xx_syscfg.c.o
 .bss           0x00000000        0x0 build/machines/cortex-m/armv7em/stm32f407/STM32F4xx_StdPeriph_Driver/stm32f4xx_syscfg.c.o
 .text.SYSCFG_DeInit
                0x00000000       0x1c build/machines/cortex-m/armv7em/stm32f407/STM32F4xx_StdPeriph_Driver/stm32f4xx_syscfg.c.o
 .text.SYSCFG_MemoryRemapConfig
                0x00000000       0x40 build/machines/cortex-m/armv7em/stm32f407/STM32F4xx_StdPeriph_Driver/stm32f4xx_syscfg.c.o
 .text.SYSCFG_MemorySwappingBank
                0x00000000       0x34 build/machines/cortex-m/armv7em/stm32f407/STM32F4xx_StdPeriph_Driver/stm32f4xx_syscfg.c.o
 .text.SYSCFG_ETH_MediaInterfaceConfig
                0x00000000       0x34 build/machines/cortex-m/armv7em/stm32f407/STM32F4xx_StdPeriph_Driver/stm32f4xx_syscfg.c.o
 .text.SYSCFG_CompensationCellCmd
                0x00000000       0x34 build/machines/cortex-m/armv7em/stm32f407/STM32F4xx_StdPeriph_Driver/stm32f4xx_syscfg.c.o
 .text.SYSCFG_GetCompensationCellStatus
                0x00000000       0x30 build/machines/cortex-m/armv7em/stm32f407/STM32F4xx_StdPeriph_Driver/stm32f4xx_syscfg.c.o
 .text          0x00000000        0x0 build/machines/cortex-m/armv7em/stm32f407/STM32F4xx_StdPeriph_Driver/misc.c.o
 .data          0x00000000        0x0 build/machines/cortex-m/armv7em/stm32f407/STM32F4xx_StdPeriph_Driver/misc.c.o
 .bss           0x00000000        0x0 build/machines/cortex-m/armv7em/stm32f407/STM32F4xx_StdPeriph_Driver/misc.c.o
 .text.NVIC_PriorityGroupConfig
                0x00000000       0x58 build/machines/cortex-m/armv7em/stm32f407/STM32F4xx_StdPeriph_Driver/misc.c.o
 .text.NVIC_SetVectorTable
                0x00000000       0x58 build/machines/cortex-m/armv7em/stm32f407/STM32F4xx_StdPeriph_Driver/misc.c.o
 .text.NVIC_SystemLPConfig
                0x00000000       0x70 build/machines/cortex-m/armv7em/stm32f407/STM32F4xx_StdPeriph_Driver/misc.c.o
 .text.SysTick_CLKSourceConfig
                0x00000000       0x50 build/machines/cortex-m/armv7em/stm32f407/STM32F4xx_StdPeriph_Driver/misc.c.o
 .text          0x00000000        0x0 build/machines/cortex-m/armv7em/stm32f407/stm32f4discovery/stm32f4_discovery.c.o
 .data          0x00000000        0x0 build/machines/cortex-m/armv7em/stm32f407/stm32f4discovery/stm32f4_discovery.c.o
 .bss           0x00000000        0x0 build/machines/cortex-m/armv7em/stm32f407/stm32f4discovery/stm32f4_discovery.c.o
 .rodata.BUTTON_PIN
                0x00000000        0x2 build/machines/cortex-m/armv7em/stm32f407/stm32f4discovery/stm32f4_discovery.c.o
 .rodata.BUTTON_CLK
                0x00000000        0x4 build/machines/cortex-m/armv7em/stm32f407/stm32f4discovery/stm32f4_discovery.c.o
 .rodata.BUTTON_EXTI_LINE
                0x00000000        0x2 build/machines/cortex-m/armv7em/stm32f407/stm32f4discovery/stm32f4_discovery.c.o
 .rodata.BUTTON_PORT_SOURCE
                0x00000000        0x1 build/machines/cortex-m/armv7em/stm32f407/stm32f4discovery/stm32f4_discovery.c.o
 .rodata.BUTTON_PIN_SOURCE
                0x00000000        0x1 build/machines/cortex-m/armv7em/stm32f407/stm32f4discovery/stm32f4_discovery.c.o
 .rodata.BUTTON_IRQn
                0x00000000        0x1 build/machines/cortex-m/armv7em/stm32f407/stm32f4discovery/stm32f4_discovery.c.o
 .bss.NVIC_InitStructure
                0x00000000        0x4 build/machines/cortex-m/armv7em/stm32f407/stm32f4discovery/stm32f4_discovery.c.o
 .text          0x00000000        0x0 build/machines/cortex-m/armv7em/stm32f407/stm32f4discovery/tp.c.o
 .data          0x00000000        0x0 build/machines/cortex-m/armv7em/stm32f407/stm32f4discovery/tp.c.o
 .bss           0x00000000        0x0 build/machines/cortex-m/armv7em/stm32f407/stm32f4discovery/tp.c.o

Memory Configuration

Name             Origin             Length             Attributes
VECTOR           0x08000000         0x00000188         xr
FLASH            0x08000188         0x0000fe78         xr
RAM              0x20000000         0x00020000         xrw
MEMORY_B1        0x60000000         0x00000000         xr
*default*        0x00000000         0xffffffff

Linker script and memory map

LOAD build/os/tpl_os_kernel.c.o
LOAD build/os/tpl_os_timeobj_kernel.c.o
LOAD build/os/tpl_os_action.c.o
LOAD build/os/tpl_os_error.c.o
LOAD build/os/tpl_os_os_kernel.c.o
LOAD build/os/tpl_os_os.c.o
LOAD build/os/tpl_os_interrupt_kernel.c.o
LOAD build/os/tpl_os_task_kernel.c.o
LOAD build/os/tpl_os_resource_kernel.c.o
LOAD build/LearnInDepth_SW.c.o
LOAD build/LearnInDepth_SW/tpl_app_config.c.o
LOAD build/LearnInDepth_SW/tpl_dispatch_table.c.o
LOAD build/LearnInDepth_SW/tpl_invoque.S.o
LOAD build/LearnInDepth_SW/tpl_primary_irq.S.o
LOAD build/LearnInDepth_SW/tpl_vectors.c.o
LOAD build/LearnInDepth_SW/tpl_external_interrupts.c.o
LOAD build/LearnInDepth_SW/tpl_app_interrupts.c.o
LOAD build/machines/cortex-m/tpl_machine_cortex.c.o
LOAD build/machines/cortex-m/tpl_sc_handler.S.o
LOAD build/machines/cortex-m/tpl_startup.S.o
LOAD build/machines/cortex-m/armv7em/tpl_ctx_switch.S.o
LOAD build/machines/cortex-m/armv7em/tpl_ctx_switch_under_it.S.o
LOAD build/machines/cortex-m/armv7em/tpl_interrupts.S.o
LOAD build/machines/cortex-m/armv7em/stm32f407/tpl_memory_protection.c.o
LOAD build/machines/cortex-m/armv7em/stm32f407/tpl_machine_stm32f407.c.o
LOAD build/machines/cortex-m/armv7em/stm32f407/startup_stm32f4xx.c.o
LOAD build/machines/cortex-m/armv7em/stm32f407/system_stm32f4xx.c.o
LOAD build/machines/cortex-m/armv7em/stm32f407/handlers_stm32f4xx.c.o
LOAD build/machines/cortex-m/armv7em/stm32f407/lib/pinAccess.c.o
LOAD build/machines/cortex-m/armv7em/stm32f407/STM32F4xx_StdPeriph_Driver/stm32f4xx_gpio.c.o
LOAD build/machines/cortex-m/armv7em/stm32f407/STM32F4xx_StdPeriph_Driver/stm32f4xx_rcc.c.o
LOAD build/machines/cortex-m/armv7em/stm32f407/STM32F4xx_StdPeriph_Driver/stm32f4xx_exti.c.o
LOAD build/machines/cortex-m/armv7em/stm32f407/STM32F4xx_StdPeriph_Driver/stm32f4xx_syscfg.c.o
LOAD build/machines/cortex-m/armv7em/stm32f407/STM32F4xx_StdPeriph_Driver/misc.c.o
LOAD build/machines/cortex-m/armv7em/stm32f407/stm32f4discovery/stm32f4_discovery.c.o
LOAD build/machines/cortex-m/armv7em/stm32f407/stm32f4discovery/tp.c.o
                0x20020000                        _estack = 0x20020000
                0x00000000                        _Min_Heap_Size = 0x0
                0x00000400                        _Min_Stack_Size = 0x400

.isr_vector     0x08000000      0x188
                0x08000000                        . = ALIGN (0x4)
 *(.isr_vector)
 .isr_vector    0x08000000      0x188 build/LearnInDepth_SW/tpl_vectors.c.o
                0x08000000                tpl_it_vectors
                0x08000188                        . = ALIGN (0x4)
                0x08000188                        . = ALIGN (0x4)

ostext          0x08000188     0x199c
 *(.SC_handler)
 *(.EI_handler)
 *(.osCode)
 .osCode        0x08000188      0x8bc build/os/tpl_os_kernel.c.o
                0x08000188                tpl_begin_alarm_callback
                0x080001a0                tpl_end_alarm_callback
                0x080001b8                tpl_alarm_callback_running
                0x080001cc                tpl_current_os_state
                0x0800022c                tpl_schedule_from_running
                0x08000270                tpl_start_scheduling
                0x08000288                tpl_start
                0x08000300                tpl_run_elected
                0x08000378                tpl_block
                0x080003a4                tpl_release
                0x080003e0                tpl_front_proc
                0x0800040c                tpl_terminate
                0x08000440                tpl_init_proc
                0x08000474                tpl_put_preempted_proc
                0x080004cc                tpl_put_new_proc
                0x08000550                tpl_init_os
                0x08000608                tpl_get_internal_resource
                0x08000694                tpl_release_internal_resource
                0x080006e4                tpl_call_terminate_task_service
                0x08000718                tpl_call_terminate_isr2_service
                0x08000760                tpl_activate_task
                0x080007d8                tpl_set_event
                0x080007f8                tpl_compare_entries
                0x08000888                tpl_bubble_up
                0x08000908                tpl_bubble_down
                0x080009bc                tpl_remove_front_proc
                0x08000a18                tpl_preempt
 .osCode        0x08000a44      0x2f0 build/os/tpl_os_timeobj_kernel.c.o
                0x08000a44                tpl_enable_counters
                0x08000a5c                tpl_insert_time_obj
                0x08000b3a                tpl_remove_time_obj
                0x08000bac                tpl_counter_tick
 .osCode        0x08000d34       0xac build/os/tpl_os_os_kernel.c.o
                0x08000d34                tpl_get_active_application_mode_service
                0x08000d64                tpl_start_os_service
                0x08000db0                tpl_call_shutdown_os
                0x08000dc6                tpl_shutdown_os_service
 .osCode        0x08000de0      0x1e0 build/os/tpl_os_interrupt_kernel.c.o
                0x08000de0                tpl_get_interrupt_lock_status
                0x08000e20                tpl_reset_interrupt_lock_status
                0x08000e5c                tpl_terminate_isr2_service
                0x08000ea0                tpl_null_it
                0x08000eb2                tpl_enable_all_interrupts_service
                0x08000ed0                tpl_disable_all_interrupts_service
                0x08000f00                tpl_resume_all_interrupts_service
                0x08000f38                tpl_suspend_all_interrupts_service
                0x08000f60                tpl_resume_os_interrupts_service
                0x08000f98                tpl_suspend_os_interrupts_service
 .osCode        0x08000fc0      0x2f0 build/os/tpl_os_task_kernel.c.o
                0x08000fc0                tpl_activate_task_service
                0x08001038                tpl_terminate_task_service
                0x080010a8                tpl_chain_task_service
                0x08001158                tpl_schedule_service
                0x080011d4                tpl_get_task_id_service
                0x08001238                tpl_get_task_state_service
 .osCode        0x080012b0      0x228 build/os/tpl_os_resource_kernel.c.o
                0x080012b0                tpl_release_all_resources
                0x08001310                tpl_get_resource_service
                0x08001414                tpl_release_resource_service
 .osCode        0x080014d8       0x40 build/LearnInDepth_SW/tpl_app_config.c.o
                0x080014d8                tpl_tick_SysTick
                0x0800150c                SysTick_Handler
 .osCode        0x08001518       0x30 build/LearnInDepth_SW/tpl_primary_irq.S.o
                0x08001518                tpl_primary_irq_handler_SysTick
 .osCode        0x08001548       0x20 build/LearnInDepth_SW/tpl_external_interrupts.c.o
                0x08001548                tpl_init_external_interrupts
 .osCode        0x08001568       0x24 build/LearnInDepth_SW/tpl_app_interrupts.c.o
                0x08001568                tpl_init_it_priority
                0x08001574                tpl_disable_os_interrupts
                0x08001580                tpl_enable_os_interrupts
 .osCode        0x0800158c       0xe4 build/machines/cortex-m/tpl_machine_cortex.c.o
                0x0800158c                tpl_init_context
                0x080015f8                tpl_init_machine
                0x08001608                tpl_shutdown
                0x08001612                tpl_init_machine_generic
                0x0800161e                tpl_init_machine_specific
                0x08001654                tpl_check_stack_footprint
 .osCode        0x08001670       0x6c build/machines/cortex-m/tpl_sc_handler.S.o
                0x08001670                tpl_sc_handler
 .osCode        0x080016dc       0x1c build/machines/cortex-m/tpl_startup.S.o
                0x080016dc                tpl_reset_handler
 .osCode        0x080016f8       0x4c build/machines/cortex-m/armv7em/tpl_ctx_switch.S.o
                0x080016f8                tpl_save_context
                0x0800171e                tpl_load_context
 .osCode        0x08001744       0x44 build/machines/cortex-m/armv7em/tpl_ctx_switch_under_it.S.o
                0x08001744                tpl_save_context_under_it
                0x08001766                tpl_load_context_under_it
 .osCode        0x08001788       0x2c build/machines/cortex-m/armv7em/tpl_interrupts.S.o
                0x08001788                tpl_disable_interrupts
                0x0800179c                tpl_enable_interrupts
 .osCode        0x080017b4       0x7c build/machines/cortex-m/armv7em/stm32f407/tpl_machine_stm32f407.c.o
                0x08001804                tpl_set_systick_timer
 .osCode        0x08001830      0x108 build/machines/cortex-m/armv7em/stm32f407/stm32f4discovery/tp.c.o
                0x08001830                initBoard
                0x08001858                ledOn
                0x08001878                ledOff
                0x08001898                ledToggle
                0x080018b8                readButton
                0x08001908                delay
 *(.osApiCode)
 .osApiCode     0x08001938       0x2a build/os/tpl_os_os.c.o
                0x08001938                StartOS
 .osApiCode     0x08001962      0x1c2 build/LearnInDepth_SW/tpl_invoque.S.o
                0x08001962                GetActiveApplicationMode
                0x08001978                tpl_start_os
                0x0800198e                ShutdownOS
                0x080019a4                EnableAllInterrupts
                0x080019be                DisableAllInterrupts
                0x080019d8                ResumeAllInterrupts
                0x080019f2                SuspendAllInterrupts
                0x08001a0c                ResumeOSInterrupts
                0x08001a26                SuspendOSInterrupts
                0x08001a40                CallTerminateISR2
                0x08001a5a                ActivateTask
                0x08001a70                TerminateTask
                0x08001a86                ChainTask
                0x08001a9c                Schedule
                0x08001ab2                GetTaskID
                0x08001ac8                GetTaskState
                0x08001ade                CallTerminateTask
                0x08001af8                GetResource
                0x08001b0e                ReleaseResource
 *(.appCommonCode)
                0x08001b24                        . = ALIGN (0x4)

osconst         0x08001b24       0xf4
 *(.osConst)
 .osConst       0x08001b24        0x2 build/os/tpl_os_kernel.c.o
                0x08001b24                INVALID_PROC
                0x08001b25                INVALID_TASK
 *fill*         0x08001b26        0x2 
 .osConst       0x08001b28       0x84 build/LearnInDepth_SW/tpl_app_config.c.o
                0x08001b28                tpl_stat_proc_table
                0x08001b38                tpl_dyn_proc_table
                0x08001b48                tpl_resource_table
                0x08001b4c                IDLE_TASK_task_stat_desc
                0x08001b64                Task1_task_stat_desc
                0x08001b7c                Task2_task_stat_desc
                0x08001b94                Task3_task_stat_desc
 .osConst       0x08001bac       0x4c build/LearnInDepth_SW/tpl_dispatch_table.c.o
                0x08001bac                tpl_dispatch_table
 *(.osApiConst)
 .osApiConst    0x08001bf8       0x20 build/LearnInDepth_SW/tpl_app_config.c.o
                0x08001bf8                proc_name_table
                0x08001c08                Task1
                0x08001c09                Task2
                0x08001c0a                Task3
                0x08001c0c                OSTICKSPERBASE
                0x08001c10                OSMAXALLOWEDVALUE
                0x08001c14                OSMINCYCLE
                0x08001c18                        . = ALIGN (0x4)

apptext         0x08001c18      0x138
                0x08001c18                        __PROGCONST_SECTION_START = .
                0x08001c18                        __SEG_START_APP_CODE_CONST_RGN = .
                0x08001c18                        . = ALIGN (0x4)
 *(.Task_Task1Code)
 .Task_Task1Code
                0x08001c18       0xb4 build/LearnInDepth_SW.c.o
                0x08001c18                Task1_function
 *(.Task_Task2Code)
 .Task_Task2Code
                0x08001ccc       0x38 build/LearnInDepth_SW.c.o
                0x08001ccc                Task2_function
 *(.Task_Task3Code)
 .Task_Task3Code
                0x08001d04       0x4c build/LearnInDepth_SW.c.o
                0x08001d04                Task3_function
                0x08001d3c                assert_failed
                0x08001d50                        . = ALIGN (0x4)

appconst        0x08001d50      0x1f8
 *(.rodata)
 .rodata        0x08001d50       0x1f build/LearnInDepth_SW/tpl_app_config.c.o
 *fill*         0x08001d6f        0x1 
 .rodata        0x08001d70       0x59 build/machines/cortex-m/armv7em/stm32f407/STM32F4xx_StdPeriph_Driver/stm32f4xx_gpio.c.o
 *fill*         0x08001dc9        0x3 
 .rodata        0x08001dcc       0x58 build/machines/cortex-m/armv7em/stm32f407/STM32F4xx_StdPeriph_Driver/stm32f4xx_rcc.c.o
 .rodata        0x08001e24       0x59 build/machines/cortex-m/armv7em/stm32f407/STM32F4xx_StdPeriph_Driver/stm32f4xx_exti.c.o
 *fill*         0x08001e7d        0x3 
 .rodata        0x08001e80       0x5b build/machines/cortex-m/armv7em/stm32f407/STM32F4xx_StdPeriph_Driver/stm32f4xx_syscfg.c.o
 *fill*         0x08001edb        0x1 
 .rodata        0x08001edc       0x4f build/machines/cortex-m/armv7em/stm32f407/STM32F4xx_StdPeriph_Driver/misc.c.o
 *(.rodata*)
 .rodata.OSDEFAULTAPPMODE
                0x08001f2b        0x1 build/LearnInDepth_SW/tpl_app_config.c.o
                0x08001f2b                OSDEFAULTAPPMODE
 .rodata.tpl_task_app_mode
                0x08001f2c        0x3 build/LearnInDepth_SW/tpl_app_config.c.o
                0x08001f2c                tpl_task_app_mode
 *fill*         0x08001f2f        0x1 
 .rodata.GPIO_PIN
                0x08001f30        0x8 build/machines/cortex-m/armv7em/stm32f407/stm32f4discovery/stm32f4_discovery.c.o
                0x08001f30                GPIO_PIN
 .rodata.GPIO_CLK
                0x08001f38       0x10 build/machines/cortex-m/armv7em/stm32f407/stm32f4discovery/stm32f4_discovery.c.o
                0x08001f38                GPIO_CLK
                0x08001f48                        . = ALIGN (0x4)

procconst       0x08001f48        0x0
 *(.Task_Task1_SEC_CONST_32BIT)
 *(.Task_Task1_SEC_CALIB_32BIT)
 *(.Task_Task1_SEC_CARTO_32BIT)
 *(.Task_Task1_SEC_CONFIG_DATA_32BIT)
 *(.Task_Task1_SEC_CONST_16BIT)
 *(.Task_Task1_SEC_CALIB_16BIT)
 *(.Task_Task1_SEC_CARTO_16BIT)
 *(.Task_Task1_SEC_CONFIG_DATA_16BIT)
 *(.Task_Task1_SEC_CONST_8BIT)
 *(.Task_Task1_SEC_CALIB_8BIT)
 *(.Task_Task1_SEC_CARTO_8BIT)
 *(.Task_Task1_SEC_CONFIG_DATA_8BIT)
 *(.Task_Task1_SEC_CONST_BOOLEAN)
 *(.Task_Task1_SEC_CALIB_BOOLEAN)
 *(.Task_Task1_SEC_CARTO_BOOLEAN)
 *(.Task_Task1_SEC_CONFIG_DATA_BOOLEAN)
 *(.Task_Task1_SEC_CONST_UNSPECIFIED)
 *(.Task_Task1_SEC_CALIB_UNSPECIFIED)
 *(.Task_Task1_SEC_CARTO_UNSPECIFIED)
 *(.Task_Task1_SEC_CONFIG_DATA_UNSPECIFIED)
 *(.Task_Task2_SEC_CONST_32BIT)
 *(.Task_Task2_SEC_CALIB_32BIT)
 *(.Task_Task2_SEC_CARTO_32BIT)
 *(.Task_Task2_SEC_CONFIG_DATA_32BIT)
 *(.Task_Task2_SEC_CONST_16BIT)
 *(.Task_Task2_SEC_CALIB_16BIT)
 *(.Task_Task2_SEC_CARTO_16BIT)
 *(.Task_Task2_SEC_CONFIG_DATA_16BIT)
 *(.Task_Task2_SEC_CONST_8BIT)
 *(.Task_Task2_SEC_CALIB_8BIT)
 *(.Task_Task2_SEC_CARTO_8BIT)
 *(.Task_Task2_SEC_CONFIG_DATA_8BIT)
 *(.Task_Task2_SEC_CONST_BOOLEAN)
 *(.Task_Task2_SEC_CALIB_BOOLEAN)
 *(.Task_Task2_SEC_CARTO_BOOLEAN)
 *(.Task_Task2_SEC_CONFIG_DATA_BOOLEAN)
 *(.Task_Task2_SEC_CONST_UNSPECIFIED)
 *(.Task_Task2_SEC_CALIB_UNSPECIFIED)
 *(.Task_Task2_SEC_CARTO_UNSPECIFIED)
 *(.Task_Task2_SEC_CONFIG_DATA_UNSPECIFIED)
 *(.Task_Task3_SEC_CONST_32BIT)
 *(.Task_Task3_SEC_CALIB_32BIT)
 *(.Task_Task3_SEC_CARTO_32BIT)
 *(.Task_Task3_SEC_CONFIG_DATA_32BIT)
 *(.Task_Task3_SEC_CONST_16BIT)
 *(.Task_Task3_SEC_CALIB_16BIT)
 *(.Task_Task3_SEC_CARTO_16BIT)
 *(.Task_Task3_SEC_CONFIG_DATA_16BIT)
 *(.Task_Task3_SEC_CONST_8BIT)
 *(.Task_Task3_SEC_CALIB_8BIT)
 *(.Task_Task3_SEC_CARTO_8BIT)
 *(.Task_Task3_SEC_CONFIG_DATA_8BIT)
 *(.Task_Task3_SEC_CONST_BOOLEAN)
 *(.Task_Task3_SEC_CALIB_BOOLEAN)
 *(.Task_Task3_SEC_CARTO_BOOLEAN)
 *(.Task_Task3_SEC_CONFIG_DATA_BOOLEAN)
 *(.Task_Task3_SEC_CONST_UNSPECIFIED)
 *(.Task_Task3_SEC_CALIB_UNSPECIFIED)
 *(.Task_Task3_SEC_CARTO_UNSPECIFIED)
 *(.Task_Task3_SEC_CONFIG_DATA_UNSPECIFIED)
                0x08001f48                        . = ALIGN (0x4)
                0x08001f47                        __SEG_STOP_APP_CODE_CONST_RGN = (. - 0x1)
                0x08001f47                        __PROGCONST_SECTION_STOP = (. - 0x1)

.text           0x08001f48      0xd2c
                0x08001f48                        . = ALIGN (0x4)
 *(.text)
 *(.text*)
 .text.mydelay  0x08001f48       0x28 build/LearnInDepth_SW.c.o
                0x08001f48                mydelay
 .text.main     0x08001f70       0x20 build/LearnInDepth_SW.c.o
                0x08001f70                main
 .text.NVIC_SetPriority
                0x08001f90       0x54 build/machines/cortex-m/tpl_machine_cortex.c.o
 .text.idle_function
                0x08001fe4        0xa build/machines/cortex-m/tpl_machine_cortex.c.o
                0x08001fe4                idle_function
 *fill*         0x08001fee        0x2 
 .text.NVIC_SetPriority
                0x08001ff0       0x54 build/machines/cortex-m/armv7em/stm32f407/tpl_machine_stm32f407.c.o
 .text.__libc_init_array
                0x08002044       0x70 build/machines/cortex-m/armv7em/stm32f407/startup_stm32f4xx.c.o
                0x08002044                __libc_init_array
 .text.__libc_fini_array
                0x080020b4       0x40 build/machines/cortex-m/armv7em/stm32f407/startup_stm32f4xx.c.o
                0x080020b4                __libc_fini_array
 .text.SystemInit
                0x080020f4       0x5c build/machines/cortex-m/armv7em/stm32f407/system_stm32f4xx.c.o
                0x080020f4                SystemInit
 .text.SetSysClock
                0x08002150       0xf4 build/machines/cortex-m/armv7em/stm32f407/system_stm32f4xx.c.o
 .text.NMI_Handler
                0x08002244        0x8 build/machines/cortex-m/armv7em/stm32f407/handlers_stm32f4xx.c.o
                0x08002244                NMI_Handler
 .text.HardFault_Handler
                0x0800224c       0x60 build/machines/cortex-m/armv7em/stm32f407/handlers_stm32f4xx.c.o
                0x0800224c                HardFault_Handler
 .text.MemManage_Handler
                0x080022ac        0x8 build/machines/cortex-m/armv7em/stm32f407/handlers_stm32f4xx.c.o
                0x080022ac                MemManage_Handler
 .text.BusFault_Handler
                0x080022b4        0x8 build/machines/cortex-m/armv7em/stm32f407/handlers_stm32f4xx.c.o
                0x080022b4                BusFault_Handler
 .text.UsageFault_Handler
                0x080022bc        0x8 build/machines/cortex-m/armv7em/stm32f407/handlers_stm32f4xx.c.o
                0x080022bc                UsageFault_Handler
 .text.DebugMonitor_Handler
                0x080022c4        0x6 build/machines/cortex-m/armv7em/stm32f407/handlers_stm32f4xx.c.o
                0x080022c4                DebugMonitor_Handler
 *fill*         0x080022ca        0x2 
 .text.GPIO_Init
                0x080022cc      0x248 build/machines/cortex-m/armv7em/stm32f407/STM32F4xx_StdPeriph_Driver/stm32f4xx_gpio.c.o
                0x080022cc                GPIO_Init
 .text.GPIO_ReadInputDataBit
                0x08002514      0x13c build/machines/cortex-m/armv7em/stm32f407/STM32F4xx_StdPeriph_Driver/stm32f4xx_gpio.c.o
                0x08002514                GPIO_ReadInputDataBit
 .text.RCC_AHB1PeriphClockCmd
                0x08002650       0x74 build/machines/cortex-m/armv7em/stm32f407/STM32F4xx_StdPeriph_Driver/stm32f4xx_rcc.c.o
                0x08002650                RCC_AHB1PeriphClockCmd
 .text.RCC_APB2PeriphClockCmd
                0x080026c4       0x74 build/machines/cortex-m/armv7em/stm32f407/STM32F4xx_StdPeriph_Driver/stm32f4xx_rcc.c.o
                0x080026c4                RCC_APB2PeriphClockCmd
 .text.EXTI_Init
                0x08002738      0x150 build/machines/cortex-m/armv7em/stm32f407/STM32F4xx_StdPeriph_Driver/stm32f4xx_exti.c.o
                0x08002738                EXTI_Init
 .text.SYSCFG_EXTILineConfig
                0x08002888      0x134 build/machines/cortex-m/armv7em/stm32f407/STM32F4xx_StdPeriph_Driver/stm32f4xx_syscfg.c.o
                0x08002888                SYSCFG_EXTILineConfig
 .text.NVIC_Init
                0x080029bc       0xfc build/machines/cortex-m/armv7em/stm32f407/STM32F4xx_StdPeriph_Driver/misc.c.o
                0x080029bc                NVIC_Init
 .text.STM_EVAL_LEDInit
                0x08002ab8       0x5c build/machines/cortex-m/armv7em/stm32f407/stm32f4discovery/stm32f4_discovery.c.o
                0x08002ab8                STM_EVAL_LEDInit
 .text.STM_EVAL_LEDOn
                0x08002b14       0x30 build/machines/cortex-m/armv7em/stm32f407/stm32f4discovery/stm32f4_discovery.c.o
                0x08002b14                STM_EVAL_LEDOn
 .text.STM_EVAL_LEDOff
                0x08002b44       0x30 build/machines/cortex-m/armv7em/stm32f407/stm32f4discovery/stm32f4_discovery.c.o
                0x08002b44                STM_EVAL_LEDOff
 .text.STM_EVAL_LEDToggle
                0x08002b74       0x3c build/machines/cortex-m/armv7em/stm32f407/stm32f4discovery/stm32f4_discovery.c.o
                0x08002b74                STM_EVAL_LEDToggle
 .text.STM_EVAL_PBInit
                0x08002bb0       0x98 build/machines/cortex-m/armv7em/stm32f407/stm32f4discovery/stm32f4_discovery.c.o
                0x08002bb0                STM_EVAL_PBInit
 .text.STM_EVAL_PBGetState
                0x08002c48       0x2c build/machines/cortex-m/armv7em/stm32f407/stm32f4discovery/stm32f4_discovery.c.o
                0x08002c48                STM_EVAL_PBGetState
 *(.glue_7)
 .glue_7        0x08002c74        0x0 linker stubs
 *(.glue_7t)
 .glue_7t       0x08002c74        0x0 linker stubs
 *(.eh_frame)
 *(.init)
 *(.fini)
                0x08002c74                        . = ALIGN (0x4)
                0x08002c74                        _etext = .
                0x08002c74                        _exit = .

.vfp11_veneer   0x08002c74        0x0
 .vfp11_veneer  0x08002c74        0x0 linker stubs

.v4_bx          0x08002c74        0x0
 .v4_bx         0x08002c74        0x0 linker stubs

.iplt           0x08002c74        0x0
 .iplt          0x08002c74        0x0 build/os/tpl_os_kernel.c.o

.after_vectors  0x08002c74       0x98
 .after_vectors
                0x08002c74       0x98 build/machines/cortex-m/armv7em/stm32f407/startup_stm32f4xx.c.o
                0x08002c74                tpl_continue_reset_handler
                0x08002cc0                system_init

.rel.dyn        0x08002d0c        0x0
 .rel.iplt      0x08002d0c        0x0 build/os/tpl_os_kernel.c.o

.ARM.extab
 *(.ARM.extab* .gnu.linkonce.armextab.*)

.ARM            0x08002d0c        0x0
                0x08002d0c                        __exidx_start = .
 *(.ARM.exidx*)
                0x08002d0c                        __exidx_end = .

.preinit_array  0x08002d0c        0x4
                0x08002d0c                        PROVIDE (__preinit_array_start = .)
 *(.preinit_array*)
 .preinit_array_sysinit
                0x08002d0c        0x4 build/machines/cortex-m/armv7em/stm32f407/startup_stm32f4xx.c.o
                0x08002d0c                p_system_init
                0x08002d10                        PROVIDE (__preinit_array_end = .)

.init_array     0x08002d10        0x0
                0x08002d10                        PROVIDE (__init_array_start = .)
 *(SORT_BY_NAME(.init_array.*))
 *(.init_array*)
                0x08002d10                        PROVIDE (__init_array_end = .)

.fini_array     0x08002d10        0x0
                0x08002d10                        PROVIDE (__fini_array_start = .)
 *(.fini_array*)
 *(SORT_BY_NAME(.fini_array.*))
                0x08002d10                        PROVIDE (__fini_array_end = .)
                0x08002d10                        _sidata = .

.data           0x20000000      0x140 load address 0x08002d10
                0x20000000                        . = ALIGN (0x4)
                0x20000000                        _sdata = .
 *(.data)
 *(.data*)
 .data.SystemCoreClock
                0x20000000        0x4 build/machines/cortex-m/armv7em/stm32f407/system_stm32f4xx.c.o
                0x20000000                SystemCoreClock
 .data.GPIO_PORT
                0x20000004       0x10 build/machines/cortex-m/armv7em/stm32f407/stm32f4discovery/stm32f4_discovery.c.o
                0x20000004                GPIO_PORT
 .data.BUTTON_PORT
                0x20000014        0x4 build/machines/cortex-m/armv7em/stm32f407/stm32f4discovery/stm32f4_discovery.c.o
                0x20000014                BUTTON_PORT
 .data.previousState.0
                0x20000018        0x1 build/machines/cortex-m/armv7em/stm32f407/stm32f4discovery/tp.c.o
 *(.osVar)
 *fill*         0x20000019        0x3 
 .osVar         0x2000001c        0x4 build/os/tpl_os_kernel.c.o
                0x2000001c                INTERNAL_RES_SCHEDULER
 .osVar         0x20000020        0x1 build/os/tpl_os_timeobj_kernel.c.o
 .osVar         0x20000021        0x1 build/os/tpl_os_os_kernel.c.o
 *fill*         0x20000022        0x2 
 .osVar         0x20000024       0x14 build/os/tpl_os_interrupt_kernel.c.o
                0x20000024                tpl_locking_depth
                0x20000028                tpl_user_task_lock
                0x2000002c                tpl_cpt_user_task_lock_All
                0x20000030                tpl_cpt_user_task_lock_OS
                0x20000034                tpl_cpt_os_task_lock
 .osVar         0x20000038      0x108 build/LearnInDepth_SW/tpl_app_config.c.o
                0x20000038                tpl_kern
                0x20000054                tpl_ready_list
                0x20000060                tpl_tail_for_prio
                0x20000068                SystemCounter_counter_desc
                0x20000084                res_sched_rez_desc
                0x2000008c                tpl_time_counter
                0x20000090                IDLE_TASK_int_context
                0x200000b4                IDLE_TASK_task_desc
                0x200000bc                Task1_int_context
                0x200000e0                Task1_task_desc
                0x200000e8                Task2_int_context
                0x2000010c                Task2_task_desc
                0x20000114                Task3_int_context
                0x20000138                Task3_task_desc
 *(.Task_Task1_SEC_VAR_POWER_ON_INIT_32BIT)
 *(.Task_Task1_SEC_VAR_POWER_ON_INIT_16BIT)
 *(.Task_Task1_SEC_VAR_POWER_ON_INIT_8BIT)
 *(.Task_Task1_SEC_VAR_POWER_ON_INIT_BOOLEAN)
 *(.Task_Task1_SEC_VAR_POWER_ON_INIT_UNSPECIFIED)
 *(.Task_Task2_SEC_VAR_POWER_ON_INIT_32BIT)
 *(.Task_Task2_SEC_VAR_POWER_ON_INIT_16BIT)
 *(.Task_Task2_SEC_VAR_POWER_ON_INIT_8BIT)
 *(.Task_Task2_SEC_VAR_POWER_ON_INIT_BOOLEAN)
 *(.Task_Task2_SEC_VAR_POWER_ON_INIT_UNSPECIFIED)
 *(.Task_Task3_SEC_VAR_POWER_ON_INIT_32BIT)
 *(.Task_Task3_SEC_VAR_POWER_ON_INIT_16BIT)
 *(.Task_Task3_SEC_VAR_POWER_ON_INIT_8BIT)
 *(.Task_Task3_SEC_VAR_POWER_ON_INIT_BOOLEAN)
 *(.Task_Task3_SEC_VAR_POWER_ON_INIT_UNSPECIFIED)
                0x20000140                        . = ALIGN (0x4)
                0x20000140                        _edata = .

.igot.plt       0x20000140        0x0 load address 0x08002e50
 .igot.plt      0x20000140        0x0 build/os/tpl_os_kernel.c.o

.Task_IDLE_TASKStack
                0x20000140      0x12c load address 0x08002e50
 .Task_IDLE_TASKStack
                0x20000140      0x12c build/LearnInDepth_SW/tpl_app_config.c.o
                0x20000140                IDLE_TASK_stack_zone

.Task_Task1_SEC_VAR
                0x2000026c       0x14 load address 0x08002f7c
                0x20000280                        . = ALIGN (__SEG_ALIGN_Task_Task1_VAR_RGN)
 *fill*         0x2000026c       0x14 
                0x20000280                        __SEG_START_Task_Task1_VAR_RGN = .
 *(.Task_Task1_SEC_VAR_NOINIT_32BIT)
 *(.Task_Task1_SEC_VAR_FAST_32BIT)
 *(.Task_Task1_SEC_VAR_32BIT)
 *(.Task_Task1_SEC_VAR_NOINIT_16BIT)
 *(.Task_Task1_SEC_VAR_FAST_16BIT)
 *(.Task_Task1_SEC_VAR_16BIT)
 *(.Task_Task1_SEC_VAR_NOINIT_8BIT)
 *(.Task_Task1_SEC_VAR_FAST_8BIT)
 *(.Task_Task1_SEC_VAR_8BIT)
 *(.Task_Task1_SEC_VAR_NOINIT_BOOLEAN)
 *(.Task_Task1_SEC_VAR_FAST_BOOLEAN)
 *(.Task_Task1_SEC_VAR_BOOLEAN)
 *(.Task_Task1_SEC_VAR_NOINIT_UNSPECIFIED)
 *(.Task_Task1_SEC_VAR_FAST_UNSPECIFIED)
 *(.Task_Task1_SEC_VAR_UNSPECIFIED)
                0x20000280                        __SEG_END_Task_Task1_VAR_RGN = .
                0x2000028c                        __SEG_SIZE_Task_Task1_VAR_RGN = ((__SEG_END_Task_Task1_VAR_RGN - __SEG_START_Task_Task1_VAR_RGN) < 0x1000)?0x1000:__SEG_SIZE_Task_Task1_VAR_RGN
                0x2000028c                        __SEG_SIZE_Task_Task1_VAR_RGN = ((__SEG_END_Task_Task1_VAR_RGN - __SEG_START_Task_Task1_VAR_RGN) < 0x400)?0x400:__SEG_SIZE_Task_Task1_VAR_RGN
                0x2000028c                        __SEG_SIZE_Task_Task1_VAR_RGN = ((__SEG_END_Task_Task1_VAR_RGN - __SEG_START_Task_Task1_VAR_RGN) < 0x200)?0x200:__SEG_SIZE_Task_Task1_VAR_RGN
                0x2000028c                        __SEG_SIZE_Task_Task1_VAR_RGN = ((__SEG_END_Task_Task1_VAR_RGN - __SEG_START_Task_Task1_VAR_RGN) < 0x100)?0x100:__SEG_SIZE_Task_Task1_VAR_RGN
                0x2000028c                        __SEG_SIZE_Task_Task1_VAR_RGN = ((__SEG_END_Task_Task1_VAR_RGN - __SEG_START_Task_Task1_VAR_RGN) < 0x80)?0x80:__SEG_SIZE_Task_Task1_VAR_RGN
                0x2000028c                        __SEG_SIZE_Task_Task1_VAR_RGN = ((__SEG_END_Task_Task1_VAR_RGN - __SEG_START_Task_Task1_VAR_RGN) < 0x40)?0x40:__SEG_SIZE_Task_Task1_VAR_RGN
                0x2000028c                        __SEG_SIZE_Task_Task1_VAR_RGN = ((__SEG_END_Task_Task1_VAR_RGN - __SEG_START_Task_Task1_VAR_RGN) < 0x20)?0x20:__SEG_SIZE_Task_Task1_VAR_RGN
                0x2000028c                        __SEG_ALIGN_Task_Task1_VAR_RGN = __SEG_SIZE_Task_Task1_VAR_RGN

.Task_Task2_SEC_VAR
                0x20000280        0x0
                0x20000280                        . = ALIGN (__SEG_ALIGN_Task_Task2_VAR_RGN)
                0x20000280                        __SEG_START_Task_Task2_VAR_RGN = .
 *(.Task_Task2_SEC_VAR_NOINIT_32BIT)
 *(.Task_Task2_SEC_VAR_FAST_32BIT)
 *(.Task_Task2_SEC_VAR_32BIT)
 *(.Task_Task2_SEC_VAR_NOINIT_16BIT)
 *(.Task_Task2_SEC_VAR_FAST_16BIT)
 *(.Task_Task2_SEC_VAR_16BIT)
 *(.Task_Task2_SEC_VAR_NOINIT_8BIT)
 *(.Task_Task2_SEC_VAR_FAST_8BIT)
 *(.Task_Task2_SEC_VAR_8BIT)
 *(.Task_Task2_SEC_VAR_NOINIT_BOOLEAN)
 *(.Task_Task2_SEC_VAR_FAST_BOOLEAN)
 *(.Task_Task2_SEC_VAR_BOOLEAN)
 *(.Task_Task2_SEC_VAR_NOINIT_UNSPECIFIED)
 *(.Task_Task2_SEC_VAR_FAST_UNSPECIFIED)
 *(.Task_Task2_SEC_VAR_UNSPECIFIED)
                0x20000280                        __SEG_END_Task_Task2_VAR_RGN = .
                0x200002a0                        __SEG_SIZE_Task_Task2_VAR_RGN = ((__SEG_END_Task_Task2_VAR_RGN - __SEG_START_Task_Task2_VAR_RGN) < 0x1000)?0x1000:__SEG_SIZE_Task_Task2_VAR_RGN
                0x200002a0                        __SEG_SIZE_Task_Task2_VAR_RGN = ((__SEG_END_Task_Task2_VAR_RGN - __SEG_START_Task_Task2_VAR_RGN) < 0x400)?0x400:__SEG_SIZE_Task_Task2_VAR_RGN
                0x200002a0                        __SEG_SIZE_Task_Task2_VAR_RGN = ((__SEG_END_Task_Task2_VAR_RGN - __SEG_START_Task_Task2_VAR_RGN) < 0x200)?0x200:__SEG_SIZE_Task_Task2_VAR_RGN
                0x200002a0                        __SEG_SIZE_Task_Task2_VAR_RGN = ((__SEG_END_Task_Task2_VAR_RGN - __SEG_START_Task_Task2_VAR_RGN) < 0x100)?0x100:__SEG_SIZE_Task_Task2_VAR_RGN
                0x200002a0                        __SEG_SIZE_Task_Task2_VAR_RGN = ((__SEG_END_Task_Task2_VAR_RGN - __SEG_START_Task_Task2_VAR_RGN) < 0x80)?0x80:__SEG_SIZE_Task_Task2_VAR_RGN
                0x200002a0                        __SEG_SIZE_Task_Task2_VAR_RGN = ((__SEG_END_Task_Task2_VAR_RGN - __SEG_START_Task_Task2_VAR_RGN) < 0x40)?0x40:__SEG_SIZE_Task_Task2_VAR_RGN
                0x200002a0                        __SEG_SIZE_Task_Task2_VAR_RGN = ((__SEG_END_Task_Task2_VAR_RGN - __SEG_START_Task_Task2_VAR_RGN) < 0x20)?0x20:__SEG_SIZE_Task_Task2_VAR_RGN
                0x200002a0                        __SEG_ALIGN_Task_Task2_VAR_RGN = __SEG_SIZE_Task_Task2_VAR_RGN

.Task_Task3_SEC_VAR
                0x20000280        0x0
                0x20000280                        . = ALIGN (__SEG_ALIGN_Task_Task3_VAR_RGN)
                0x20000280                        __SEG_START_Task_Task3_VAR_RGN = .
 *(.Task_Task3_SEC_VAR_NOINIT_32BIT)
 *(.Task_Task3_SEC_VAR_FAST_32BIT)
 *(.Task_Task3_SEC_VAR_32BIT)
 *(.Task_Task3_SEC_VAR_NOINIT_16BIT)
 *(.Task_Task3_SEC_VAR_FAST_16BIT)
 *(.Task_Task3_SEC_VAR_16BIT)
 *(.Task_Task3_SEC_VAR_NOINIT_8BIT)
 *(.Task_Task3_SEC_VAR_FAST_8BIT)
 *(.Task_Task3_SEC_VAR_8BIT)
 *(.Task_Task3_SEC_VAR_NOINIT_BOOLEAN)
 *(.Task_Task3_SEC_VAR_FAST_BOOLEAN)
 *(.Task_Task3_SEC_VAR_BOOLEAN)
 *(.Task_Task3_SEC_VAR_NOINIT_UNSPECIFIED)
 *(.Task_Task3_SEC_VAR_FAST_UNSPECIFIED)
 *(.Task_Task3_SEC_VAR_UNSPECIFIED)
                0x20000280                        __SEG_END_Task_Task3_VAR_RGN = .
                0x200002a0                        __SEG_SIZE_Task_Task3_VAR_RGN = ((__SEG_END_Task_Task3_VAR_RGN - __SEG_START_Task_Task3_VAR_RGN) < 0x1000)?0x1000:__SEG_SIZE_Task_Task3_VAR_RGN
                0x200002a0                        __SEG_SIZE_Task_Task3_VAR_RGN = ((__SEG_END_Task_Task3_VAR_RGN - __SEG_START_Task_Task3_VAR_RGN) < 0x400)?0x400:__SEG_SIZE_Task_Task3_VAR_RGN
                0x200002a0                        __SEG_SIZE_Task_Task3_VAR_RGN = ((__SEG_END_Task_Task3_VAR_RGN - __SEG_START_Task_Task3_VAR_RGN) < 0x200)?0x200:__SEG_SIZE_Task_Task3_VAR_RGN
                0x200002a0                        __SEG_SIZE_Task_Task3_VAR_RGN = ((__SEG_END_Task_Task3_VAR_RGN - __SEG_START_Task_Task3_VAR_RGN) < 0x100)?0x100:__SEG_SIZE_Task_Task3_VAR_RGN
                0x200002a0                        __SEG_SIZE_Task_Task3_VAR_RGN = ((__SEG_END_Task_Task3_VAR_RGN - __SEG_START_Task_Task3_VAR_RGN) < 0x80)?0x80:__SEG_SIZE_Task_Task3_VAR_RGN
                0x200002a0                        __SEG_SIZE_Task_Task3_VAR_RGN = ((__SEG_END_Task_Task3_VAR_RGN - __SEG_START_Task_Task3_VAR_RGN) < 0x40)?0x40:__SEG_SIZE_Task_Task3_VAR_RGN
                0x200002a0                        __SEG_SIZE_Task_Task3_VAR_RGN = ((__SEG_END_Task_Task3_VAR_RGN - __SEG_START_Task_Task3_VAR_RGN) < 0x20)?0x20:__SEG_SIZE_Task_Task3_VAR_RGN
                0x200002a0                        __SEG_ALIGN_Task_Task3_VAR_RGN = __SEG_SIZE_Task_Task3_VAR_RGN

.Task_Task1_SEC_STACK
                0x20000280     0x1938 load address 0x08002f90
                0x20001000                        . = ALIGN (__SEG_ALIGN_Task_Task1_STACK_RGN)
 *fill*         0x20000280      0xd80 
                0x20001000                        __SEG_START_Task_Task1_STACK_RGN = .
 *(.Task_Task1Stack)
 .Task_Task1Stack
                0x20001000      0xbb8 build/LearnInDepth_SW/tpl_app_config.c.o
                0x20001000                Task1_stack_zone
                0x20001bb8                        . = ALIGN (0x4)
                0x20001bb8                        __SEG_END_Task_Task1_STACK_RGN = .
                0x20001280                        __SEG_SIZE_Task_Task1_STACK_RGN = ((__SEG_END_Task_Task1_STACK_RGN - __SEG_START_Task_Task1_STACK_RGN) < 0x1000)?0x1000:__SEG_SIZE_Task_Task1_STACK_RGN
                [0x20001280]                      __SEG_SIZE_Task_Task1_STACK_RGN = ((__SEG_END_Task_Task1_STACK_RGN - __SEG_START_Task_Task1_STACK_RGN) < 0x400)?0x400:__SEG_SIZE_Task_Task1_STACK_RGN
                [0x20001280]                      __SEG_SIZE_Task_Task1_STACK_RGN = ((__SEG_END_Task_Task1_STACK_RGN - __SEG_START_Task_Task1_STACK_RGN) < 0x200)?0x200:__SEG_SIZE_Task_Task1_STACK_RGN
                [0x20001280]                      __SEG_SIZE_Task_Task1_STACK_RGN = ((__SEG_END_Task_Task1_STACK_RGN - __SEG_START_Task_Task1_STACK_RGN) < 0x100)?0x100:__SEG_SIZE_Task_Task1_STACK_RGN
                [0x20001280]                      __SEG_SIZE_Task_Task1_STACK_RGN = ((__SEG_END_Task_Task1_STACK_RGN - __SEG_START_Task_Task1_STACK_RGN) < 0x80)?0x80:__SEG_SIZE_Task_Task1_STACK_RGN
                [0x20001280]                      __SEG_SIZE_Task_Task1_STACK_RGN = ((__SEG_END_Task_Task1_STACK_RGN - __SEG_START_Task_Task1_STACK_RGN) < 0x40)?0x40:__SEG_SIZE_Task_Task1_STACK_RGN
                [0x20001280]                      __SEG_SIZE_Task_Task1_STACK_RGN = ((__SEG_END_Task_Task1_STACK_RGN - __SEG_START_Task_Task1_STACK_RGN) < 0x20)?0x20:__SEG_SIZE_Task_Task1_STACK_RGN
                0x20001280                        __SEG_ALIGN_Task_Task1_STACK_RGN = __SEG_SIZE_Task_Task1_STACK_RGN

.Task_Task2_SEC_STACK
                0x20001bb8     0x1000 load address 0x080048c8
                0x20002000                        . = ALIGN (__SEG_ALIGN_Task_Task2_STACK_RGN)
 *fill*         0x20001bb8      0x448 
                0x20002000                        __SEG_START_Task_Task2_STACK_RGN = .
 *(.Task_Task2Stack)
 .Task_Task2Stack
                0x20002000      0xbb8 build/LearnInDepth_SW/tpl_app_config.c.o
                0x20002000                Task2_stack_zone
                0x20002bb8                        . = ALIGN (0x4)
                0x20002bb8                        __SEG_END_Task_Task2_STACK_RGN = .
                0x20002bb8                        __SEG_SIZE_Task_Task2_STACK_RGN = ((__SEG_END_Task_Task2_STACK_RGN - __SEG_START_Task_Task2_STACK_RGN) < 0x1000)?0x1000:__SEG_SIZE_Task_Task2_STACK_RGN
                [0x20002bb8]                      __SEG_SIZE_Task_Task2_STACK_RGN = ((__SEG_END_Task_Task2_STACK_RGN - __SEG_START_Task_Task2_STACK_RGN) < 0x400)?0x400:__SEG_SIZE_Task_Task2_STACK_RGN
                [0x20002bb8]                      __SEG_SIZE_Task_Task2_STACK_RGN = ((__SEG_END_Task_Task2_STACK_RGN - __SEG_START_Task_Task2_STACK_RGN) < 0x200)?0x200:__SEG_SIZE_Task_Task2_STACK_RGN
                [0x20002bb8]                      __SEG_SIZE_Task_Task2_STACK_RGN = ((__SEG_END_Task_Task2_STACK_RGN - __SEG_START_Task_Task2_STACK_RGN) < 0x100)?0x100:__SEG_SIZE_Task_Task2_STACK_RGN
                [0x20002bb8]                      __SEG_SIZE_Task_Task2_STACK_RGN = ((__SEG_END_Task_Task2_STACK_RGN - __SEG_START_Task_Task2_STACK_RGN) < 0x80)?0x80:__SEG_SIZE_Task_Task2_STACK_RGN
                [0x20002bb8]                      __SEG_SIZE_Task_Task2_STACK_RGN = ((__SEG_END_Task_Task2_STACK_RGN - __SEG_START_Task_Task2_STACK_RGN) < 0x40)?0x40:__SEG_SIZE_Task_Task2_STACK_RGN
                [0x20002bb8]                      __SEG_SIZE_Task_Task2_STACK_RGN = ((__SEG_END_Task_Task2_STACK_RGN - __SEG_START_Task_Task2_STACK_RGN) < 0x20)?0x20:__SEG_SIZE_Task_Task2_STACK_RGN
                0x20002bb8                        __SEG_ALIGN_Task_Task2_STACK_RGN = __SEG_SIZE_Task_Task2_STACK_RGN

.Task_Task3_SEC_STACK
                0x20002bb8     0x1000 load address 0x080058c8
                0x20003000                        . = ALIGN (__SEG_ALIGN_Task_Task3_STACK_RGN)
 *fill*         0x20002bb8      0x448 
                0x20003000                        __SEG_START_Task_Task3_STACK_RGN = .
 *(.Task_Task3Stack)
 .Task_Task3Stack
                0x20003000      0xbb8 build/LearnInDepth_SW/tpl_app_config.c.o
                0x20003000                Task3_stack_zone
                0x20003bb8                        . = ALIGN (0x4)
                0x20003bb8                        __SEG_END_Task_Task3_STACK_RGN = .
                0x20003bb8                        __SEG_SIZE_Task_Task3_STACK_RGN = ((__SEG_END_Task_Task3_STACK_RGN - __SEG_START_Task_Task3_STACK_RGN) < 0x1000)?0x1000:__SEG_SIZE_Task_Task3_STACK_RGN
                [0x20003bb8]                      __SEG_SIZE_Task_Task3_STACK_RGN = ((__SEG_END_Task_Task3_STACK_RGN - __SEG_START_Task_Task3_STACK_RGN) < 0x400)?0x400:__SEG_SIZE_Task_Task3_STACK_RGN
                [0x20003bb8]                      __SEG_SIZE_Task_Task3_STACK_RGN = ((__SEG_END_Task_Task3_STACK_RGN - __SEG_START_Task_Task3_STACK_RGN) < 0x200)?0x200:__SEG_SIZE_Task_Task3_STACK_RGN
                [0x20003bb8]                      __SEG_SIZE_Task_Task3_STACK_RGN = ((__SEG_END_Task_Task3_STACK_RGN - __SEG_START_Task_Task3_STACK_RGN) < 0x100)?0x100:__SEG_SIZE_Task_Task3_STACK_RGN
                [0x20003bb8]                      __SEG_SIZE_Task_Task3_STACK_RGN = ((__SEG_END_Task_Task3_STACK_RGN - __SEG_START_Task_Task3_STACK_RGN) < 0x80)?0x80:__SEG_SIZE_Task_Task3_STACK_RGN
                [0x20003bb8]                      __SEG_SIZE_Task_Task3_STACK_RGN = ((__SEG_END_Task_Task3_STACK_RGN - __SEG_START_Task_Task3_STACK_RGN) < 0x40)?0x40:__SEG_SIZE_Task_Task3_STACK_RGN
                [0x20003bb8]                      __SEG_SIZE_Task_Task3_STACK_RGN = ((__SEG_END_Task_Task3_STACK_RGN - __SEG_START_Task_Task3_STACK_RGN) < 0x20)?0x20:__SEG_SIZE_Task_Task3_STACK_RGN
                0x20003bb8                        __SEG_ALIGN_Task_Task3_STACK_RGN = __SEG_SIZE_Task_Task3_STACK_RGN

appvars
                0x20003bb8                        . = ALIGN (0x4)

.bss            0x20003bb8        0xc load address 0x080068c8
                0x20003bb8                        _sbss = .
                0x20003bb8                        __bss_start__ = _sbss
 *(.bss)
 *(.bss*)
 .bss.Global_Task1_Count
                0x20003bb8        0x4 build/LearnInDepth_SW.c.o
                0x20003bb8                Global_Task1_Count
 .bss.Global_Task2_Count
                0x20003bbc        0x4 build/LearnInDepth_SW.c.o
                0x20003bbc                Global_Task2_Count
 .bss.Global_Task3_Count
                0x20003bc0        0x4 build/LearnInDepth_SW.c.o
                0x20003bc0                Global_Task3_Count
 *(COMMON)
                0x20003bc4                        . = ALIGN (0x4)
                0x20003bc4                        _ebss = .
                0x20003bc4                        __bss_end__ = _ebss

._user_heap_stack
                0x20003bc4      0x400 load address 0x080068d4
                0x20003bc4                        . = ALIGN (0x4)
                0x20003bc4                        __heap_start__ = .
                [!provide]                        PROVIDE (end = .)
                [!provide]                        PROVIDE (_end = .)
                0x20003bc4                        . = (. + _Min_Heap_Size)
                0x20003fc4                        . = (. + _Min_Stack_Size)
 *fill*         0x20003bc4      0x400 
                0x20003fc4                        . = ALIGN (0x4)

.memory_b1_text
 *(.mb1text)
 *(.mb1text*)
 *(.mb1rodata)
 *(.mb1rodata*)

/DISCARD/
 libc.a(*)
 libm.a(*)
 libgcc.a(*)

.ARM.attributes
                0x00000000       0x30
 *(.ARM.attributes)
 .ARM.attributes
                0x00000000       0x2e build/os/tpl_os_kernel.c.o
 .ARM.attributes
                0x0000002e       0x2e build/os/tpl_os_timeobj_kernel.c.o
 .ARM.attributes
                0x0000005c       0x2e build/os/tpl_os_os_kernel.c.o
 .ARM.attributes
                0x0000008a       0x2e build/os/tpl_os_os.c.o
 .ARM.attributes
                0x000000b8       0x2e build/os/tpl_os_interrupt_kernel.c.o
 .ARM.attributes
                0x000000e6       0x2e build/os/tpl_os_task_kernel.c.o
 .ARM.attributes
                0x00000114       0x2e build/os/tpl_os_resource_kernel.c.o
 .ARM.attributes
                0x00000142       0x2e build/LearnInDepth_SW.c.o
 .ARM.attributes
                0x00000170       0x2e build/LearnInDepth_SW/tpl_app_config.c.o
 .ARM.attributes
                0x0000019e       0x2e build/LearnInDepth_SW/tpl_dispatch_table.c.o
 .ARM.attributes
                0x000001cc       0x20 build/LearnInDepth_SW/tpl_invoque.S.o
 .ARM.attributes
                0x000001ec       0x20 build/LearnInDepth_SW/tpl_primary_irq.S.o
 .ARM.attributes
                0x0000020c       0x2e build/LearnInDepth_SW/tpl_vectors.c.o
 .ARM.attributes
                0x0000023a       0x2e build/LearnInDepth_SW/tpl_external_interrupts.c.o
 .ARM.attributes
                0x00000268       0x2e build/LearnInDepth_SW/tpl_app_interrupts.c.o
 .ARM.attributes
                0x00000296       0x2e build/machines/cortex-m/tpl_machine_cortex.c.o
 .ARM.attributes
                0x000002c4       0x20 build/machines/cortex-m/tpl_sc_handler.S.o
 .ARM.attributes
                0x000002e4       0x20 build/machines/cortex-m/tpl_startup.S.o
 .ARM.attributes
                0x00000304       0x20 build/machines/cortex-m/armv7em/tpl_ctx_switch.S.o
 .ARM.attributes
                0x00000324       0x20 build/machines/cortex-m/armv7em/tpl_ctx_switch_under_it.S.o
 .ARM.attributes
                0x00000344       0x20 build/machines/cortex-m/armv7em/tpl_interrupts.S.o
 .ARM.attributes
                0x00000364       0x2e build/machines/cortex-m/armv7em/stm32f407/tpl_machine_stm32f407.c.o
 .ARM.attributes
                0x00000392       0x2e build/machines/cortex-m/armv7em/stm32f407/startup_stm32f4xx.c.o
 .ARM.attributes
                0x000003c0       0x2e build/machines/cortex-m/armv7em/stm32f407/system_stm32f4xx.c.o
 .ARM.attributes
                0x000003ee       0x2e build/machines/cortex-m/armv7em/stm32f407/handlers_stm32f4xx.c.o
 .ARM.attributes
                0x0000041c       0x2e build/machines/cortex-m/armv7em/stm32f407/STM32F4xx_StdPeriph_Driver/stm32f4xx_gpio.c.o
 .ARM.attributes
                0x0000044a       0x2e build/machines/cortex-m/armv7em/stm32f407/STM32F4xx_StdPeriph_Driver/stm32f4xx_rcc.c.o
 .ARM.attributes
                0x00000478       0x2e build/machines/cortex-m/armv7em/stm32f407/STM32F4xx_StdPeriph_Driver/stm32f4xx_exti.c.o
 .ARM.attributes
                0x000004a6       0x2e build/machines/cortex-m/armv7em/stm32f407/STM32F4xx_StdPeriph_Driver/stm32f4xx_syscfg.c.o
 .ARM.attributes
                0x000004d4       0x2e build/machines/cortex-m/armv7em/stm32f407/STM32F4xx_StdPeriph_Driver/misc.c.o
 .ARM.attributes
                0x00000502       0x2e build/machines/cortex-m/armv7em/stm32f407/stm32f4discovery/stm32f4_discovery.c.o
 .ARM.attributes
                0x00000530       0x2e build/machines/cortex-m/armv7em/stm32f407/stm32f4discovery/tp.c.o
LOAD C:/Program Files (x86)/Arm GNU Toolchain arm-none-eabi/13.2 Rel1/bin/../lib/gcc/arm-none-eabi/13.2.1/thumb/v7e-m/nofp\libc.a
LOAD C:/Program Files (x86)/Arm GNU Toolchain arm-none-eabi/13.2 Rel1/bin/../lib/gcc/arm-none-eabi/13.2.1/thumb/v7e-m/nofp\libgcc.a
OUTPUT(LearnInDepth_SW.axf elf32-littlearm)
LOAD linker stubs
LOAD C:/Program Files (x86)/Arm GNU Toolchain arm-none-eabi/13.2 Rel1/bin/../lib/gcc/arm-none-eabi/13.2.1/thumb/v7e-m/nofp\libc.a
LOAD C:/Program Files (x86)/Arm GNU Toolchain arm-none-eabi/13.2 Rel1/bin/../lib/gcc/arm-none-eabi/13.2.1/thumb/v7e-m/nofp\libm.a
LOAD C:/Program Files (x86)/Arm GNU Toolchain arm-none-eabi/13.2 Rel1/bin/../lib/gcc/arm-none-eabi/13.2.1/thumb/v7e-m/nofp\libgcc.a

.debug_info     0x00000000     0x8059
 .debug_info    0x00000000      0xb86 build/os/tpl_os_kernel.c.o
 .debug_info    0x00000b86      0x3a6 build/os/tpl_os_timeobj_kernel.c.o
 .debug_info    0x00000f2c      0x1c3 build/os/tpl_os_os_kernel.c.o
 .debug_info    0x000010ef       0xfb build/os/tpl_os_os.c.o
 .debug_info    0x000011ea      0x529 build/os/tpl_os_interrupt_kernel.c.o
 .debug_info    0x00001713      0x5d2 build/os/tpl_os_task_kernel.c.o
 .debug_info    0x00001ce5      0x5b8 build/os/tpl_os_resource_kernel.c.o
 .debug_info    0x0000229d      0x269 build/LearnInDepth_SW.c.o
 .debug_info    0x00002506      0x9ef build/LearnInDepth_SW/tpl_app_config.c.o
 .debug_info    0x00002ef5      0x22c build/LearnInDepth_SW/tpl_dispatch_table.c.o
 .debug_info    0x00003121       0x25 build/LearnInDepth_SW/tpl_invoque.S.o
 .debug_info    0x00003146       0x24 build/LearnInDepth_SW/tpl_primary_irq.S.o
 .debug_info    0x0000316a      0x15d build/LearnInDepth_SW/tpl_vectors.c.o
 .debug_info    0x000032c7      0x25b build/LearnInDepth_SW/tpl_external_interrupts.c.o
 .debug_info    0x00003522       0x9d build/LearnInDepth_SW/tpl_app_interrupts.c.o
 .debug_info    0x000035bf      0xa16 build/machines/cortex-m/tpl_machine_cortex.c.o
 .debug_info    0x00003fd5       0x24 build/machines/cortex-m/tpl_sc_handler.S.o
 .debug_info    0x00003ff9       0x24 build/machines/cortex-m/tpl_startup.S.o
 .debug_info    0x0000401d       0x24 build/machines/cortex-m/armv7em/tpl_ctx_switch.S.o
 .debug_info    0x00004041       0x24 build/machines/cortex-m/armv7em/tpl_ctx_switch_under_it.S.o
 .debug_info    0x00004065       0x24 build/machines/cortex-m/armv7em/tpl_interrupts.S.o
 .debug_info    0x00004089      0x65f build/machines/cortex-m/armv7em/stm32f407/tpl_machine_stm32f407.c.o
 .debug_info    0x000046e8      0x29c build/machines/cortex-m/armv7em/stm32f407/startup_stm32f4xx.c.o
 .debug_info    0x00004984      0x5f1 build/machines/cortex-m/armv7em/stm32f407/system_stm32f4xx.c.o
 .debug_info    0x00004f75      0x5aa build/machines/cortex-m/armv7em/stm32f407/handlers_stm32f4xx.c.o
 .debug_info    0x0000551f      0x628 build/machines/cortex-m/armv7em/stm32f407/STM32F4xx_StdPeriph_Driver/stm32f4xx_gpio.c.o
 .debug_info    0x00005b47      0xdfc build/machines/cortex-m/armv7em/stm32f407/STM32F4xx_StdPeriph_Driver/stm32f4xx_rcc.c.o
 .debug_info    0x00006943      0x368 build/machines/cortex-m/armv7em/stm32f407/STM32F4xx_StdPeriph_Driver/stm32f4xx_exti.c.o
 .debug_info    0x00006cab      0x2a1 build/machines/cortex-m/armv7em/stm32f407/STM32F4xx_StdPeriph_Driver/stm32f4xx_syscfg.c.o
 .debug_info    0x00006f4c      0x511 build/machines/cortex-m/armv7em/stm32f407/STM32F4xx_StdPeriph_Driver/misc.c.o
 .debug_info    0x0000745d      0x934 build/machines/cortex-m/armv7em/stm32f407/stm32f4discovery/stm32f4_discovery.c.o
 .debug_info    0x00007d91      0x2c8 build/machines/cortex-m/armv7em/stm32f407/stm32f4discovery/tp.c.o

.debug_abbrev   0x00000000     0x27ba
 .debug_abbrev  0x00000000      0x2b8 build/os/tpl_os_kernel.c.o
 .debug_abbrev  0x000002b8      0x13b build/os/tpl_os_timeobj_kernel.c.o
 .debug_abbrev  0x000003f3      0x10a build/os/tpl_os_os_kernel.c.o
 .debug_abbrev  0x000004fd       0xb0 build/os/tpl_os_os.c.o
 .debug_abbrev  0x000005ad      0x1be build/os/tpl_os_interrupt_kernel.c.o
 .debug_abbrev  0x0000076b      0x201 build/os/tpl_os_task_kernel.c.o
 .debug_abbrev  0x0000096c      0x1c9 build/os/tpl_os_resource_kernel.c.o
 .debug_abbrev  0x00000b35      0x1ab build/LearnInDepth_SW.c.o
 .debug_abbrev  0x00000ce0      0x201 build/LearnInDepth_SW/tpl_app_config.c.o
 .debug_abbrev  0x00000ee1       0xf6 build/LearnInDepth_SW/tpl_dispatch_table.c.o
 .debug_abbrev  0x00000fd7       0x14 build/LearnInDepth_SW/tpl_invoque.S.o
 .debug_abbrev  0x00000feb       0x14 build/LearnInDepth_SW/tpl_primary_irq.S.o
 .debug_abbrev  0x00000fff       0xbd build/LearnInDepth_SW/tpl_vectors.c.o
 .debug_abbrev  0x000010bc       0xad build/LearnInDepth_SW/tpl_external_interrupts.c.o
 .debug_abbrev  0x00001169       0x45 build/LearnInDepth_SW/tpl_app_interrupts.c.o
 .debug_abbrev  0x000011ae      0x32f build/machines/cortex-m/tpl_machine_cortex.c.o
 .debug_abbrev  0x000014dd       0x14 build/machines/cortex-m/tpl_sc_handler.S.o
 .debug_abbrev  0x000014f1       0x14 build/machines/cortex-m/tpl_startup.S.o
 .debug_abbrev  0x00001505       0x14 build/machines/cortex-m/armv7em/tpl_ctx_switch.S.o
 .debug_abbrev  0x00001519       0x14 build/machines/cortex-m/armv7em/tpl_ctx_switch_under_it.S.o
 .debug_abbrev  0x0000152d       0x14 build/machines/cortex-m/armv7em/tpl_interrupts.S.o
 .debug_abbrev  0x00001541      0x185 build/machines/cortex-m/armv7em/stm32f407/tpl_machine_stm32f407.c.o
 .debug_abbrev  0x000016c6      0x192 build/machines/cortex-m/armv7em/stm32f407/startup_stm32f4xx.c.o
 .debug_abbrev  0x00001858      0x167 build/machines/cortex-m/armv7em/stm32f407/system_stm32f4xx.c.o
 .debug_abbrev  0x000019bf      0x15e build/machines/cortex-m/armv7em/stm32f407/handlers_stm32f4xx.c.o
 .debug_abbrev  0x00001b1d      0x21a build/machines/cortex-m/armv7em/stm32f407/STM32F4xx_StdPeriph_Driver/stm32f4xx_gpio.c.o
 .debug_abbrev  0x00001d37      0x1fa build/machines/cortex-m/armv7em/stm32f407/STM32F4xx_StdPeriph_Driver/stm32f4xx_rcc.c.o
 .debug_abbrev  0x00001f31      0x209 build/machines/cortex-m/armv7em/stm32f407/STM32F4xx_StdPeriph_Driver/stm32f4xx_exti.c.o
 .debug_abbrev  0x0000213a      0x17f build/machines/cortex-m/armv7em/stm32f407/STM32F4xx_StdPeriph_Driver/stm32f4xx_syscfg.c.o
 .debug_abbrev  0x000022b9      0x19a build/machines/cortex-m/armv7em/stm32f407/STM32F4xx_StdPeriph_Driver/misc.c.o
 .debug_abbrev  0x00002453      0x219 build/machines/cortex-m/armv7em/stm32f407/stm32f4discovery/stm32f4_discovery.c.o
 .debug_abbrev  0x0000266c      0x14e build/machines/cortex-m/armv7em/stm32f407/stm32f4discovery/tp.c.o

.debug_aranges  0x00000000      0x948
 .debug_aranges
                0x00000000       0xf0 build/os/tpl_os_kernel.c.o
 .debug_aranges
                0x000000f0       0x40 build/os/tpl_os_timeobj_kernel.c.o
 .debug_aranges
                0x00000130       0x38 build/os/tpl_os_os_kernel.c.o
 .debug_aranges
                0x00000168       0x20 build/os/tpl_os_os.c.o
 .debug_aranges
                0x00000188       0x68 build/os/tpl_os_interrupt_kernel.c.o
 .debug_aranges
                0x000001f0       0x48 build/os/tpl_os_task_kernel.c.o
 .debug_aranges
                0x00000238       0x30 build/os/tpl_os_resource_kernel.c.o
 .debug_aranges
                0x00000268       0x48 build/LearnInDepth_SW.c.o
 .debug_aranges
                0x000002b0       0x28 build/LearnInDepth_SW/tpl_app_config.c.o
 .debug_aranges
                0x000002d8       0x18 build/LearnInDepth_SW/tpl_dispatch_table.c.o
 .debug_aranges
                0x000002f0       0x20 build/LearnInDepth_SW/tpl_invoque.S.o
 .debug_aranges
                0x00000310       0x20 build/LearnInDepth_SW/tpl_primary_irq.S.o
 .debug_aranges
                0x00000330       0x18 build/LearnInDepth_SW/tpl_vectors.c.o
 .debug_aranges
                0x00000348       0x20 build/LearnInDepth_SW/tpl_external_interrupts.c.o
 .debug_aranges
                0x00000368       0x30 build/LearnInDepth_SW/tpl_app_interrupts.c.o
 .debug_aranges
                0x00000398       0x58 build/machines/cortex-m/tpl_machine_cortex.c.o
 .debug_aranges
                0x000003f0       0x20 build/machines/cortex-m/tpl_sc_handler.S.o
 .debug_aranges
                0x00000410       0x20 build/machines/cortex-m/tpl_startup.S.o
 .debug_aranges
                0x00000430       0x20 build/machines/cortex-m/armv7em/tpl_ctx_switch.S.o
 .debug_aranges
                0x00000450       0x20 build/machines/cortex-m/armv7em/tpl_ctx_switch_under_it.S.o
 .debug_aranges
                0x00000470       0x20 build/machines/cortex-m/armv7em/tpl_interrupts.S.o
 .debug_aranges
                0x00000490       0x30 build/machines/cortex-m/armv7em/stm32f407/tpl_machine_stm32f407.c.o
 .debug_aranges
                0x000004c0       0x38 build/machines/cortex-m/armv7em/stm32f407/startup_stm32f4xx.c.o
 .debug_aranges
                0x000004f8       0x30 build/machines/cortex-m/armv7em/stm32f407/system_stm32f4xx.c.o
 .debug_aranges
                0x00000528       0x60 build/machines/cortex-m/armv7em/stm32f407/handlers_stm32f4xx.c.o
 .debug_aranges
                0x00000588       0x88 build/machines/cortex-m/armv7em/stm32f407/STM32F4xx_StdPeriph_Driver/stm32f4xx_gpio.c.o
 .debug_aranges
                0x00000610      0x1c0 build/machines/cortex-m/armv7em/stm32f407/STM32F4xx_StdPeriph_Driver/stm32f4xx_rcc.c.o
 .debug_aranges
                0x000007d0       0x58 build/machines/cortex-m/armv7em/stm32f407/STM32F4xx_StdPeriph_Driver/stm32f4xx_exti.c.o
 .debug_aranges
                0x00000828       0x50 build/machines/cortex-m/armv7em/stm32f407/STM32F4xx_StdPeriph_Driver/stm32f4xx_syscfg.c.o
 .debug_aranges
                0x00000878       0x40 build/machines/cortex-m/armv7em/stm32f407/STM32F4xx_StdPeriph_Driver/misc.c.o
 .debug_aranges
                0x000008b8       0x48 build/machines/cortex-m/armv7em/stm32f407/stm32f4discovery/stm32f4_discovery.c.o
 .debug_aranges
                0x00000900       0x48 build/machines/cortex-m/armv7em/stm32f407/stm32f4discovery/tp.c.o

.debug_rnglists
                0x00000000      0x5ee
 .debug_rnglists
                0x00000000       0xc4 build/os/tpl_os_kernel.c.o
 .debug_rnglists
                0x000000c4       0x2e build/os/tpl_os_timeobj_kernel.c.o
 .debug_rnglists
                0x000000f2       0x25 build/os/tpl_os_os_kernel.c.o
 .debug_rnglists
                0x00000117       0x13 build/os/tpl_os_os.c.o
 .debug_rnglists
                0x0000012a       0x49 build/os/tpl_os_interrupt_kernel.c.o
 .debug_rnglists
                0x00000173       0x32 build/os/tpl_os_task_kernel.c.o
 .debug_rnglists
                0x000001a5       0x21 build/os/tpl_os_resource_kernel.c.o
 .debug_rnglists
                0x000001c6       0x32 build/LearnInDepth_SW.c.o
 .debug_rnglists
                0x000001f8       0x19 build/LearnInDepth_SW/tpl_app_config.c.o
 .debug_rnglists
                0x00000211       0x13 build/LearnInDepth_SW/tpl_external_interrupts.c.o
 .debug_rnglists
                0x00000224       0x1f build/LearnInDepth_SW/tpl_app_interrupts.c.o
 .debug_rnglists
                0x00000243       0x3d build/machines/cortex-m/tpl_machine_cortex.c.o
 .debug_rnglists
                0x00000280       0x1f build/machines/cortex-m/armv7em/stm32f407/tpl_machine_stm32f407.c.o
 .debug_rnglists
                0x0000029f       0x25 build/machines/cortex-m/armv7em/stm32f407/startup_stm32f4xx.c.o
 .debug_rnglists
                0x000002c4       0x21 build/machines/cortex-m/armv7em/stm32f407/system_stm32f4xx.c.o
 .debug_rnglists
                0x000002e5       0x43 build/machines/cortex-m/armv7em/stm32f407/handlers_stm32f4xx.c.o
 .debug_rnglists
                0x00000328       0x6e build/machines/cortex-m/armv7em/stm32f407/STM32F4xx_StdPeriph_Driver/stm32f4xx_gpio.c.o
 .debug_rnglists
                0x00000396      0x151 build/machines/cortex-m/armv7em/stm32f407/STM32F4xx_StdPeriph_Driver/stm32f4xx_rcc.c.o
 .debug_rnglists
                0x000004e7       0x40 build/machines/cortex-m/armv7em/stm32f407/STM32F4xx_StdPeriph_Driver/stm32f4xx_exti.c.o
 .debug_rnglists
                0x00000527       0x38 build/machines/cortex-m/armv7em/stm32f407/STM32F4xx_StdPeriph_Driver/stm32f4xx_syscfg.c.o
 .debug_rnglists
                0x0000055f       0x2c build/machines/cortex-m/armv7em/stm32f407/STM32F4xx_StdPeriph_Driver/misc.c.o
 .debug_rnglists
                0x0000058b       0x32 build/machines/cortex-m/armv7em/stm32f407/stm32f4discovery/stm32f4_discovery.c.o
 .debug_rnglists
                0x000005bd       0x31 build/machines/cortex-m/armv7em/stm32f407/stm32f4discovery/tp.c.o

.debug_line     0x00000000     0x5b07
 .debug_line    0x00000000      0x60b build/os/tpl_os_kernel.c.o
 .debug_line    0x0000060b      0x2c5 build/os/tpl_os_timeobj_kernel.c.o
 .debug_line    0x000008d0      0x147 build/os/tpl_os_os_kernel.c.o
 .debug_line    0x00000a17       0xe7 build/os/tpl_os_os.c.o
 .debug_line    0x00000afe      0x209 build/os/tpl_os_interrupt_kernel.c.o
 .debug_line    0x00000d07      0x2cf build/os/tpl_os_task_kernel.c.o
 .debug_line    0x00000fd6      0x260 build/os/tpl_os_resource_kernel.c.o
 .debug_line    0x00001236      0x2da build/LearnInDepth_SW.c.o
 .debug_line    0x00001510      0x17d build/LearnInDepth_SW/tpl_app_config.c.o
 .debug_line    0x0000168d      0x149 build/LearnInDepth_SW/tpl_dispatch_table.c.o
 .debug_line    0x000017d6      0x127 build/LearnInDepth_SW/tpl_invoque.S.o
 .debug_line    0x000018fd       0x5e build/LearnInDepth_SW/tpl_primary_irq.S.o
 .debug_line    0x0000195b       0x93 build/LearnInDepth_SW/tpl_vectors.c.o
 .debug_line    0x000019ee      0x1a5 build/LearnInDepth_SW/tpl_external_interrupts.c.o
 .debug_line    0x00001b93       0x5b build/LearnInDepth_SW/tpl_app_interrupts.c.o
 .debug_line    0x00001bee      0x38d build/machines/cortex-m/tpl_machine_cortex.c.o
 .debug_line    0x00001f7b       0x7f build/machines/cortex-m/tpl_sc_handler.S.o
 .debug_line    0x00001ffa       0x50 build/machines/cortex-m/tpl_startup.S.o
 .debug_line    0x0000204a       0x67 build/machines/cortex-m/armv7em/tpl_ctx_switch.S.o
 .debug_line    0x000020b1       0x63 build/machines/cortex-m/armv7em/tpl_ctx_switch_under_it.S.o
 .debug_line    0x00002114       0x5e build/machines/cortex-m/armv7em/tpl_interrupts.S.o
 .debug_line    0x00002172      0x2ba build/machines/cortex-m/armv7em/stm32f407/tpl_machine_stm32f407.c.o
 .debug_line    0x0000242c      0x1ba build/machines/cortex-m/armv7em/stm32f407/startup_stm32f4xx.c.o
 .debug_line    0x000025e6      0x386 build/machines/cortex-m/armv7em/stm32f407/system_stm32f4xx.c.o
 .debug_line    0x0000296c      0x367 build/machines/cortex-m/armv7em/stm32f407/handlers_stm32f4xx.c.o
 .debug_line    0x00002cd3      0xacf build/machines/cortex-m/armv7em/stm32f407/STM32F4xx_StdPeriph_Driver/stm32f4xx_gpio.c.o
 .debug_line    0x000037a2     0x10be build/machines/cortex-m/armv7em/stm32f407/STM32F4xx_StdPeriph_Driver/stm32f4xx_rcc.c.o
 .debug_line    0x00004860      0x520 build/machines/cortex-m/armv7em/stm32f407/STM32F4xx_StdPeriph_Driver/stm32f4xx_exti.c.o
 .debug_line    0x00004d80      0x3d9 build/machines/cortex-m/armv7em/stm32f407/STM32F4xx_StdPeriph_Driver/stm32f4xx_syscfg.c.o
 .debug_line    0x00005159      0x3d1 build/machines/cortex-m/armv7em/stm32f407/STM32F4xx_StdPeriph_Driver/misc.c.o
 .debug_line    0x0000552a      0x374 build/machines/cortex-m/armv7em/stm32f407/stm32f4discovery/stm32f4_discovery.c.o
 .debug_line    0x0000589e      0x269 build/machines/cortex-m/armv7em/stm32f407/stm32f4discovery/tp.c.o

.debug_str      0x00000000     0x31ee
 .debug_str     0x00000000     0x31ee build/os/tpl_os_kernel.c.o
                                0x916 (size before relaxing)
 .debug_str     0x000031ee      0x3d1 build/os/tpl_os_timeobj_kernel.c.o
 .debug_str     0x000031ee      0x325 build/os/tpl_os_os_kernel.c.o
 .debug_str     0x000031ee      0x24b build/os/tpl_os_os.c.o
 .debug_str     0x000031ee      0x67a build/os/tpl_os_interrupt_kernel.c.o
 .debug_str     0x000031ee      0x612 build/os/tpl_os_task_kernel.c.o
 .debug_str     0x000031ee      0x5c9 build/os/tpl_os_resource_kernel.c.o
 .debug_str     0x000031ee      0x33b build/LearnInDepth_SW.c.o
 .debug_str     0x000031ee      0x8b2 build/LearnInDepth_SW/tpl_app_config.c.o
 .debug_str     0x000031ee      0x490 build/LearnInDepth_SW/tpl_dispatch_table.c.o
 .debug_str     0x000031ee       0xb3 build/LearnInDepth_SW/tpl_invoque.S.o
 .debug_str     0x000031ee       0xb7 build/LearnInDepth_SW/tpl_primary_irq.S.o
 .debug_str     0x000031ee      0x2b3 build/LearnInDepth_SW/tpl_vectors.c.o
 .debug_str     0x000031ee      0x335 build/LearnInDepth_SW/tpl_external_interrupts.c.o
 .debug_str     0x000031ee      0x226 build/LearnInDepth_SW/tpl_app_interrupts.c.o
 .debug_str     0x000031ee      0xb3b build/machines/cortex-m/tpl_machine_cortex.c.o
 .debug_str     0x000031ee       0xc1 build/machines/cortex-m/tpl_sc_handler.S.o
 .debug_str     0x000031ee       0xbe build/machines/cortex-m/tpl_startup.S.o
 .debug_str     0x000031ee       0xc9 build/machines/cortex-m/armv7em/tpl_ctx_switch.S.o
 .debug_str     0x000031ee       0xd2 build/machines/cortex-m/armv7em/tpl_ctx_switch_under_it.S.o
 .debug_str     0x000031ee       0xc9 build/machines/cortex-m/armv7em/tpl_interrupts.S.o
 .debug_str     0x000031ee      0x867 build/machines/cortex-m/armv7em/stm32f407/tpl_machine_stm32f407.c.o
 .debug_str     0x000031ee      0x35b build/machines/cortex-m/armv7em/stm32f407/startup_stm32f4xx.c.o
 .debug_str     0x000031ee      0x461 build/machines/cortex-m/armv7em/stm32f407/system_stm32f4xx.c.o
 .debug_str     0x000031ee      0x490 build/machines/cortex-m/armv7em/stm32f407/handlers_stm32f4xx.c.o
 .debug_str     0x000031ee      0x575 build/machines/cortex-m/armv7em/stm32f407/STM32F4xx_StdPeriph_Driver/stm32f4xx_gpio.c.o
 .debug_str     0x000031ee      0xa70 build/machines/cortex-m/armv7em/stm32f407/STM32F4xx_StdPeriph_Driver/stm32f4xx_rcc.c.o
 .debug_str     0x000031ee      0x420 build/machines/cortex-m/armv7em/stm32f407/STM32F4xx_StdPeriph_Driver/stm32f4xx_exti.c.o
 .debug_str     0x000031ee      0x3d3 build/machines/cortex-m/armv7em/stm32f407/STM32F4xx_StdPeriph_Driver/stm32f4xx_syscfg.c.o
 .debug_str     0x000031ee      0x47c build/machines/cortex-m/armv7em/stm32f407/STM32F4xx_StdPeriph_Driver/misc.c.o
 .debug_str     0x000031ee      0xc41 build/machines/cortex-m/armv7em/stm32f407/stm32f4discovery/stm32f4_discovery.c.o
 .debug_str     0x000031ee      0x3b1 build/machines/cortex-m/armv7em/stm32f407/stm32f4discovery/tp.c.o

.comment        0x00000000       0x44
 .comment       0x00000000       0x44 build/os/tpl_os_kernel.c.o
                                 0x45 (size before relaxing)
 .comment       0x00000044       0x45 build/os/tpl_os_timeobj_kernel.c.o
 .comment       0x00000044       0x45 build/os/tpl_os_os_kernel.c.o
 .comment       0x00000044       0x45 build/os/tpl_os_os.c.o
 .comment       0x00000044       0x45 build/os/tpl_os_interrupt_kernel.c.o
 .comment       0x00000044       0x45 build/os/tpl_os_task_kernel.c.o
 .comment       0x00000044       0x45 build/os/tpl_os_resource_kernel.c.o
 .comment       0x00000044       0x45 build/LearnInDepth_SW.c.o
 .comment       0x00000044       0x45 build/LearnInDepth_SW/tpl_app_config.c.o
 .comment       0x00000044       0x45 build/LearnInDepth_SW/tpl_dispatch_table.c.o
 .comment       0x00000044       0x45 build/LearnInDepth_SW/tpl_vectors.c.o
 .comment       0x00000044       0x45 build/LearnInDepth_SW/tpl_external_interrupts.c.o
 .comment       0x00000044       0x45 build/LearnInDepth_SW/tpl_app_interrupts.c.o
 .comment       0x00000044       0x45 build/machines/cortex-m/tpl_machine_cortex.c.o
 .comment       0x00000044       0x45 build/machines/cortex-m/armv7em/stm32f407/tpl_machine_stm32f407.c.o
 .comment       0x00000044       0x45 build/machines/cortex-m/armv7em/stm32f407/startup_stm32f4xx.c.o
 .comment       0x00000044       0x45 build/machines/cortex-m/armv7em/stm32f407/system_stm32f4xx.c.o
 .comment       0x00000044       0x45 build/machines/cortex-m/armv7em/stm32f407/handlers_stm32f4xx.c.o
 .comment       0x00000044       0x45 build/machines/cortex-m/armv7em/stm32f407/STM32F4xx_StdPeriph_Driver/stm32f4xx_gpio.c.o
 .comment       0x00000044       0x45 build/machines/cortex-m/armv7em/stm32f407/STM32F4xx_StdPeriph_Driver/stm32f4xx_rcc.c.o
 .comment       0x00000044       0x45 build/machines/cortex-m/armv7em/stm32f407/STM32F4xx_StdPeriph_Driver/stm32f4xx_exti.c.o
 .comment       0x00000044       0x45 build/machines/cortex-m/armv7em/stm32f407/STM32F4xx_StdPeriph_Driver/stm32f4xx_syscfg.c.o
 .comment       0x00000044       0x45 build/machines/cortex-m/armv7em/stm32f407/STM32F4xx_StdPeriph_Driver/misc.c.o
 .comment       0x00000044       0x45 build/machines/cortex-m/armv7em/stm32f407/stm32f4discovery/stm32f4_discovery.c.o
 .comment       0x00000044       0x45 build/machines/cortex-m/armv7em/stm32f407/stm32f4discovery/tp.c.o

.debug_frame    0x00000000     0x1bd8
 .debug_frame   0x00000000      0x3bc build/os/tpl_os_kernel.c.o
 .debug_frame   0x000003bc       0xcc build/os/tpl_os_timeobj_kernel.c.o
 .debug_frame   0x00000488       0xa0 build/os/tpl_os_os_kernel.c.o
 .debug_frame   0x00000528       0x34 build/os/tpl_os_os.c.o
 .debug_frame   0x0000055c      0x14c build/os/tpl_os_interrupt_kernel.c.o
 .debug_frame   0x000006a8       0xe8 build/os/tpl_os_task_kernel.c.o
 .debug_frame   0x00000790       0x80 build/os/tpl_os_resource_kernel.c.o
 .debug_frame   0x00000810       0xd8 build/LearnInDepth_SW.c.o
 .debug_frame   0x000008e8       0x48 build/LearnInDepth_SW/tpl_app_config.c.o
 .debug_frame   0x00000930       0x30 build/LearnInDepth_SW/tpl_external_interrupts.c.o
 .debug_frame   0x00000960       0x70 build/LearnInDepth_SW/tpl_app_interrupts.c.o
 .debug_frame   0x000009d0      0x118 build/machines/cortex-m/tpl_machine_cortex.c.o
 .debug_frame   0x00000ae8       0x78 build/machines/cortex-m/armv7em/stm32f407/tpl_machine_stm32f407.c.o
 .debug_frame   0x00000b60       0xa0 build/machines/cortex-m/armv7em/stm32f407/startup_stm32f4xx.c.o
 .debug_frame   0x00000c00       0x7c build/machines/cortex-m/armv7em/stm32f407/system_stm32f4xx.c.o
 .debug_frame   0x00000c7c       0xf8 build/machines/cortex-m/armv7em/stm32f407/handlers_stm32f4xx.c.o
 .debug_frame   0x00000d74      0x214 build/machines/cortex-m/armv7em/stm32f407/STM32F4xx_StdPeriph_Driver/stm32f4xx_gpio.c.o
 .debug_frame   0x00000f88      0x77c build/machines/cortex-m/armv7em/stm32f407/STM32F4xx_StdPeriph_Driver/stm32f4xx_rcc.c.o
 .debug_frame   0x00001704      0x130 build/machines/cortex-m/armv7em/stm32f407/STM32F4xx_StdPeriph_Driver/stm32f4xx_exti.c.o
 .debug_frame   0x00001834      0x108 build/machines/cortex-m/armv7em/stm32f407/STM32F4xx_StdPeriph_Driver/stm32f4xx_syscfg.c.o
 .debug_frame   0x0000193c       0xc4 build/machines/cortex-m/armv7em/stm32f407/STM32F4xx_StdPeriph_Driver/misc.c.o
 .debug_frame   0x00001a00       0xf4 build/machines/cortex-m/armv7em/stm32f407/stm32f4discovery/stm32f4_discovery.c.o
 .debug_frame   0x00001af4       0xe4 build/machines/cortex-m/armv7em/stm32f407/stm32f4discovery/tp.c.o

.debug_line_str
                0x00000000      0x150
 .debug_line_str
                0x00000000      0x150 build/LearnInDepth_SW/tpl_invoque.S.o
                                 0xa5 (size before relaxing)
 .debug_line_str
                0x00000150       0xa9 build/LearnInDepth_SW/tpl_primary_irq.S.o
 .debug_line_str
                0x00000150       0xb3 build/machines/cortex-m/tpl_sc_handler.S.o
 .debug_line_str
                0x00000150       0xb0 build/machines/cortex-m/tpl_startup.S.o
 .debug_line_str
                0x00000150       0xbb build/machines/cortex-m/armv7em/tpl_ctx_switch.S.o
 .debug_line_str
                0x00000150       0xc4 build/machines/cortex-m/armv7em/tpl_ctx_switch_under_it.S.o
 .debug_line_str
                0x00000150       0xbb build/machines/cortex-m/armv7em/tpl_interrupts.S.o
